Archive member included to satisfy reference by file (symbol)

c:/program files (x86)/gnu arm embedded toolchain/10 2021.10/bin/../lib/gcc/arm-none-eabi/10.3.1/../../../../arm-none-eabi/lib/thumb/v7e-m+fp/hard\libc_nano.a(lib_a-exit.o)
                              c:/program files (x86)/gnu arm embedded toolchain/10 2021.10/bin/../lib/gcc/arm-none-eabi/10.3.1/../../../../arm-none-eabi/lib/thumb/v7e-m+fp/hard/crt0.o (exit)
c:/program files (x86)/gnu arm embedded toolchain/10 2021.10/bin/../lib/gcc/arm-none-eabi/10.3.1/../../../../arm-none-eabi/lib/thumb/v7e-m+fp/hard\libc_nano.a(lib_a-impure.o)
                              c:/program files (x86)/gnu arm embedded toolchain/10 2021.10/bin/../lib/gcc/arm-none-eabi/10.3.1/../../../../arm-none-eabi/lib/thumb/v7e-m+fp/hard\libc_nano.a(lib_a-exit.o) (_global_impure_ptr)
c:/program files (x86)/gnu arm embedded toolchain/10 2021.10/bin/../lib/gcc/arm-none-eabi/10.3.1/../../../../arm-none-eabi/lib/thumb/v7e-m+fp/hard\libc_nano.a(lib_a-init.o)
                              c:/program files (x86)/gnu arm embedded toolchain/10 2021.10/bin/../lib/gcc/arm-none-eabi/10.3.1/../../../../arm-none-eabi/lib/thumb/v7e-m+fp/hard/crt0.o (__libc_init_array)
c:/program files (x86)/gnu arm embedded toolchain/10 2021.10/bin/../lib/gcc/arm-none-eabi/10.3.1/../../../../arm-none-eabi/lib/thumb/v7e-m+fp/hard\libc_nano.a(lib_a-memset.o)
                              c:/program files (x86)/gnu arm embedded toolchain/10 2021.10/bin/../lib/gcc/arm-none-eabi/10.3.1/../../../../arm-none-eabi/lib/thumb/v7e-m+fp/hard/crt0.o (memset)
c:/program files (x86)/gnu arm embedded toolchain/10 2021.10/bin/../lib/gcc/arm-none-eabi/10.3.1/../../../../arm-none-eabi/lib/thumb/v7e-m+fp/hard\libc_nano.a(lib_a-sprintf.o)
                              build/main.o (sprintf)
c:/program files (x86)/gnu arm embedded toolchain/10 2021.10/bin/../lib/gcc/arm-none-eabi/10.3.1/../../../../arm-none-eabi/lib/thumb/v7e-m+fp/hard\libc_nano.a(lib_a-strlen.o)
                              build/main.o (strlen)
c:/program files (x86)/gnu arm embedded toolchain/10 2021.10/bin/../lib/gcc/arm-none-eabi/10.3.1/../../../../arm-none-eabi/lib/thumb/v7e-m+fp/hard\libc_nano.a(lib_a-nano-svfprintf.o)
                              c:/program files (x86)/gnu arm embedded toolchain/10 2021.10/bin/../lib/gcc/arm-none-eabi/10.3.1/../../../../arm-none-eabi/lib/thumb/v7e-m+fp/hard\libc_nano.a(lib_a-sprintf.o) (_svfprintf_r)
c:/program files (x86)/gnu arm embedded toolchain/10 2021.10/bin/../lib/gcc/arm-none-eabi/10.3.1/../../../../arm-none-eabi/lib/thumb/v7e-m+fp/hard\libc_nano.a(lib_a-nano-vfprintf_i.o)
                              c:/program files (x86)/gnu arm embedded toolchain/10 2021.10/bin/../lib/gcc/arm-none-eabi/10.3.1/../../../../arm-none-eabi/lib/thumb/v7e-m+fp/hard\libc_nano.a(lib_a-nano-svfprintf.o) (_printf_i)
c:/program files (x86)/gnu arm embedded toolchain/10 2021.10/bin/../lib/gcc/arm-none-eabi/10.3.1/../../../../arm-none-eabi/lib/thumb/v7e-m+fp/hard\libc_nano.a(lib_a-memchr.o)
                              c:/program files (x86)/gnu arm embedded toolchain/10 2021.10/bin/../lib/gcc/arm-none-eabi/10.3.1/../../../../arm-none-eabi/lib/thumb/v7e-m+fp/hard\libc_nano.a(lib_a-nano-svfprintf.o) (memchr)
c:/program files (x86)/gnu arm embedded toolchain/10 2021.10/bin/../lib/gcc/arm-none-eabi/10.3.1/../../../../arm-none-eabi/lib/thumb/v7e-m+fp/hard\libc_nano.a(lib_a-memcpy-stub.o)
                              c:/program files (x86)/gnu arm embedded toolchain/10 2021.10/bin/../lib/gcc/arm-none-eabi/10.3.1/../../../../arm-none-eabi/lib/thumb/v7e-m+fp/hard\libc_nano.a(lib_a-nano-svfprintf.o) (memcpy)
c:/program files (x86)/gnu arm embedded toolchain/10 2021.10/bin/../lib/gcc/arm-none-eabi/10.3.1/../../../../arm-none-eabi/lib/thumb/v7e-m+fp/hard\libc_nano.a(lib_a-memmove.o)
                              c:/program files (x86)/gnu arm embedded toolchain/10 2021.10/bin/../lib/gcc/arm-none-eabi/10.3.1/../../../../arm-none-eabi/lib/thumb/v7e-m+fp/hard\libc_nano.a(lib_a-nano-svfprintf.o) (memmove)
c:/program files (x86)/gnu arm embedded toolchain/10 2021.10/bin/../lib/gcc/arm-none-eabi/10.3.1/../../../../arm-none-eabi/lib/thumb/v7e-m+fp/hard\libc_nano.a(lib_a-nano-freer.o)
                              c:/program files (x86)/gnu arm embedded toolchain/10 2021.10/bin/../lib/gcc/arm-none-eabi/10.3.1/../../../../arm-none-eabi/lib/thumb/v7e-m+fp/hard\libc_nano.a(lib_a-nano-svfprintf.o) (_free_r)
c:/program files (x86)/gnu arm embedded toolchain/10 2021.10/bin/../lib/gcc/arm-none-eabi/10.3.1/../../../../arm-none-eabi/lib/thumb/v7e-m+fp/hard\libc_nano.a(lib_a-nano-mallocr.o)
                              c:/program files (x86)/gnu arm embedded toolchain/10 2021.10/bin/../lib/gcc/arm-none-eabi/10.3.1/../../../../arm-none-eabi/lib/thumb/v7e-m+fp/hard\libc_nano.a(lib_a-nano-svfprintf.o) (_malloc_r)
[...]
Memory Configuration

Name             Origin             Length             Attributes
RAM              0x20000000         0x00018000         xrw
RAM2             0x10000000         0x00008000         xrw
FLASH            0x08000000         0x00080000         xr
*default*        0x00000000         0xffffffff

Linker script and memory map

LOAD c:/program files (x86)/gnu arm embedded toolchain/10 2021.10/bin/../lib/gcc/arm-none-eabi/10.3.1/thumb/v7e-m+fp/hard/crti.o
LOAD c:/program files (x86)/gnu arm embedded toolchain/10 2021.10/bin/../lib/gcc/arm-none-eabi/10.3.1/thumb/v7e-m+fp/hard/crtbegin.o
LOAD c:/program files (x86)/gnu arm embedded toolchain/10 2021.10/bin/../lib/gcc/arm-none-eabi/10.3.1/../../../../arm-none-eabi/lib/thumb/v7e-m+fp/hard/crt0.o
LOAD build/main.o
LOAD build/gpio.o
LOAD build/can.o
LOAD build/usart.o
LOAD build/stm32l4xx_it.o
LOAD build/stm32l4xx_hal_msp.o
LOAD build/stm32l4xx_hal_adc.o
LOAD build/stm32l4xx_hal_adc_ex.o
LOAD build/stm32l4xx_hal.o
LOAD build/stm32l4xx_hal_i2c.o
LOAD build/stm32l4xx_hal_i2c_ex.o
LOAD build/stm32l4xx_hal_rcc.o
LOAD build/stm32l4xx_hal_rcc_ex.o
LOAD build/stm32l4xx_hal_flash.o
LOAD build/stm32l4xx_hal_flash_ex.o
LOAD build/stm32l4xx_hal_flash_ramfunc.o
LOAD build/stm32l4xx_hal_gpio.o
LOAD build/stm32l4xx_hal_dma.o
LOAD build/stm32l4xx_hal_dma_ex.o
LOAD build/stm32l4xx_hal_pwr.o
LOAD build/stm32l4xx_hal_pwr_ex.o
LOAD build/stm32l4xx_hal_cortex.o
LOAD build/stm32l4xx_hal_exti.o
LOAD build/stm32l4xx_hal_can.o
LOAD build/stm32l4xx_hal_uart.o
LOAD build/stm32l4xx_hal_uart_ex.o
LOAD build/stm32l4xx_hal_spi.o
LOAD build/stm32l4xx_hal_spi_ex.o
LOAD build/system_stm32l4xx.o
LOAD build/startup_stm32l476xx.o
LOAD c:/program files (x86)/gnu arm embedded toolchain/10 2021.10/bin/../lib/gcc/arm-none-eabi/10.3.1/../../../../arm-none-eabi/lib/thumb/v7e-m+fp/hard\libc_nano.a
LOAD c:/program files (x86)/gnu arm embedded toolchain/10 2021.10/bin/../lib/gcc/arm-none-eabi/10.3.1/../../../../arm-none-eabi/lib/thumb/v7e-m+fp/hard\libm.a
LOAD c:/program files (x86)/gnu arm embedded toolchain/10 2021.10/bin/../lib/gcc/arm-none-eabi/10.3.1/../../../../arm-none-eabi/lib/thumb/v7e-m+fp/hard\libnosys.a
START GROUP
LOAD c:/program files (x86)/gnu arm embedded toolchain/10 2021.10/bin/../lib/gcc/arm-none-eabi/10.3.1/thumb/v7e-m+fp/hard\libgcc.a
LOAD c:/program files (x86)/gnu arm embedded toolchain/10 2021.10/bin/../lib/gcc/arm-none-eabi/10.3.1/../../../../arm-none-eabi/lib/thumb/v7e-m+fp/hard\libc_nano.a
END GROUP
START GROUP
LOAD c:/program files (x86)/gnu arm embedded toolchain/10 2021.10/bin/../lib/gcc/arm-none-eabi/10.3.1/thumb/v7e-m+fp/hard\libgcc.a
LOAD c:/program files (x86)/gnu arm embedded toolchain/10 2021.10/bin/../lib/gcc/arm-none-eabi/10.3.1/../../../../arm-none-eabi/lib/thumb/v7e-m+fp/hard\libc_nano.a
END GROUP
LOAD c:/program files (x86)/gnu arm embedded toolchain/10 2021.10/bin/../lib/gcc/arm-none-eabi/10.3.1/thumb/v7e-m+fp/hard/crtend.o
LOAD c:/program files (x86)/gnu arm embedded toolchain/10 2021.10/bin/../lib/gcc/arm-none-eabi/10.3.1/thumb/v7e-m+fp/hard/crtn.o
                0x20018000                _estack = (ORIGIN (RAM) + LENGTH (RAM))
                0x00000200                _Min_Heap_Size = 0x200
                0x00000400                _Min_Stack_Size = 0x400

.isr_vector     0x08000000      0x188
                0x08000000                . = ALIGN (0x8)
 *(.isr_vector)
 .isr_vector    0x08000000      0x188 build/startup_stm32l476xx.o
                0x08000000                g_pfnVectors
                0x08000188                . = ALIGN (0x8)

.text           0x08000190     0x3a88
                0x08000190                . = ALIGN (0x8)
 *(.text)
 .text          0x08000190       0x40 c:/program files (x86)/gnu arm embedded toolchain/10 2021.10/bin/../lib/gcc/arm-none-eabi/10.3.1/thumb/v7e-m+fp/hard/crtbegin.o
 .text          0x080001d0       0x10 c:/program files (x86)/gnu arm embedded toolchain/10 2021.10/bin/../lib/gcc/arm-none-eabi/10.3.1/../../../../arm-none-eabi/lib/thumb/v7e-m+fp/hard\libc_nano.a(lib_a-strlen.o)
                0x080001d0                strlen
 .text          0x080001e0       0xa0 c:/program files (x86)/gnu arm embedded toolchain/10 2021.10/bin/../lib/gcc/arm-none-eabi/10.3.1/../../../../arm-none-eabi/lib/thumb/v7e-m+fp/hard\libc_nano.a(lib_a-memchr.o)
                0x080001e0                memchr
 .text          0x08000280       0x30 c:/program files (x86)/gnu arm embedded toolchain/10 2021.10/bin/../lib/gcc/arm-none-eabi/10.3.1/thumb/v7e-m+fp/hard\libgcc.a(_aeabi_uldivmod.o)
                0x08000280                __aeabi_uldivmod
 .text          0x080002b0      0x2d0 c:/program files (x86)/gnu arm embedded toolchain/10 2021.10/bin/../lib/gcc/arm-none-eabi/10.3.1/thumb/v7e-m+fp/hard\libgcc.a(_udivmoddi4.o)
                0x080002b0                __udivmoddi4
 .text          0x08000580        0x4 c:/program files (x86)/gnu arm embedded toolchain/10 2021.10/bin/../lib/gcc/arm-none-eabi/10.3.1/thumb/v7e-m+fp/hard\libgcc.a(_dvmd_tls.o)
                0x08000580                __aeabi_idiv0
                0x08000580                __aeabi_ldiv0
 *(.text*)
 .text.checkGPIOInputs
                0x08000584      0x238 build/main.o
                0x08000584                checkGPIOInputs
 .text.sendOnCAN
                0x080007bc       0x28 build/main.o
                0x080007bc                sendOnCAN
 .text.CAN_CommunicationTest
                0x080007e4       0x4c build/main.o
                0x080007e4                CAN_CommunicationTest
 .text.slaveCommunicationTest
                0x08000830       0x4c build/main.o
                0x08000830                slaveCommunicationTest
 .text.LTC2949_CommunicationTest
                0x0800087c       0x4c build/main.o
                0x0800087c                LTC2949_CommunicationTest
 .text.cellBalancingMosfetsTest
                0x080008c8       0x54 build/main.o
                0x080008c8                cellBalancingMosfetsTest
 .text.eepromTest
                0x0800091c       0x4c build/main.o
                0x0800091c                eepromTest
 .text.ContactorMOSFETSTests
                0x08000968       0x4c build/main.o
                0x08000968                ContactorMOSFETSTests
 .text.TestAll  0x080009b4       0x90 build/main.o
                0x080009b4                TestAll
 .text.Error_Handler
                0x08000a44        0x4 build/main.o
                0x08000a44                Error_Handler
 .text.SystemClock_Config
                0x08000a48       0xae build/main.o
                0x08000a48                SystemClock_Config
 *fill*         0x08000af6        0x2 
 .text.main     0x08000af8      0x128 build/main.o
                0x08000af8                main
 .text.MX_GPIO_Init
                0x08000c20      0x118 build/gpio.o
                0x08000c20                MX_GPIO_Init
 .text.MX_CAN1_Init
                0x08000d38       0x6c build/can.o
                0x08000d38                MX_CAN1_Init
 .text.HAL_CAN_MspInit
                0x08000da4       0x88 build/can.o
                0x08000da4                HAL_CAN_MspInit
 .text.HAL_CAN_RxFifo0MsgPendingCallback
                0x08000e2c      0x108 build/can.o
                0x08000e2c                HAL_CAN_RxFifo0MsgPendingCallback
 .text.MX_LPUART1_UART_Init
                0x08000f34       0x3c build/usart.o
                0x08000f34                MX_LPUART1_UART_Init
 .text.HAL_UART_MspInit
                0x08000f70       0x88 build/usart.o
                0x08000f70                HAL_UART_MspInit
 .text.NMI_Handler
                0x08000ff8        0x2 build/stm32l4xx_it.o
                0x08000ff8                NMI_Handler
 .text.HardFault_Handler
                0x08000ffa        0x2 build/stm32l4xx_it.o
                0x08000ffa                HardFault_Handler
 .text.MemManage_Handler
                0x08000ffc        0x2 build/stm32l4xx_it.o
                0x08000ffc                MemManage_Handler
 .text.BusFault_Handler
                0x08000ffe        0x2 build/stm32l4xx_it.o
                0x08000ffe                BusFault_Handler
 .text.UsageFault_Handler
                0x08001000        0x2 build/stm32l4xx_it.o
                0x08001000                UsageFault_Handler
 .text.SVC_Handler
                0x08001002        0x2 build/stm32l4xx_it.o
                0x08001002                SVC_Handler
 .text.DebugMon_Handler
                0x08001004        0x2 build/stm32l4xx_it.o
                0x08001004                DebugMon_Handler
 .text.PendSV_Handler
                0x08001006        0x2 build/stm32l4xx_it.o
                0x08001006                PendSV_Handler
 .text.SysTick_Handler
                0x08001008        0x8 build/stm32l4xx_it.o
                0x08001008                SysTick_Handler
 .text.CAN1_RX0_IRQHandler
                0x08001010       0x10 build/stm32l4xx_it.o
                0x08001010                CAN1_RX0_IRQHandler
 .text.HAL_MspInit
                0x08001020       0x30 build/stm32l4xx_hal_msp.o
                0x08001020                HAL_MspInit
 .text.HAL_InitTick
                0x08001050       0x50 build/stm32l4xx_hal.o
                0x08001050                HAL_InitTick
 .text.HAL_Init
                0x080010a0       0x1e build/stm32l4xx_hal.o
                0x080010a0                HAL_Init
 *fill*         0x080010be        0x2 
 .text.HAL_IncTick
                0x080010c0       0x18 build/stm32l4xx_hal.o
                0x080010c0                HAL_IncTick
 .text.HAL_GetTick
                0x080010d8        0xc build/stm32l4xx_hal.o
                0x080010d8                HAL_GetTick
 .text.HAL_Delay
                0x080010e4       0x28 build/stm32l4xx_hal.o
                0x080010e4                HAL_Delay
 .text.RCC_SetFlashLatencyFromMSIRange
                0x0800110c       0x90 build/stm32l4xx_hal_rcc.o
 .text.HAL_RCC_GetSysClockFreq
                0x0800119c       0xb4 build/stm32l4xx_hal_rcc.o
                0x0800119c                HAL_RCC_GetSysClockFreq
 .text.HAL_RCC_OscConfig
                0x08001250      0x61c build/stm32l4xx_hal_rcc.o
                0x08001250                HAL_RCC_OscConfig
 .text.HAL_RCC_ClockConfig
                0x0800186c      0x188 build/stm32l4xx_hal_rcc.o
                0x0800186c                HAL_RCC_ClockConfig
 .text.HAL_RCC_GetHCLKFreq
                0x080019f4        0xc build/stm32l4xx_hal_rcc.o
                0x080019f4                HAL_RCC_GetHCLKFreq
 .text.HAL_RCC_GetPCLK1Freq
                0x08001a00       0x24 build/stm32l4xx_hal_rcc.o
                0x08001a00                HAL_RCC_GetPCLK1Freq
 .text.HAL_RCC_GetPCLK2Freq
                0x08001a24       0x24 build/stm32l4xx_hal_rcc.o
                0x08001a24                HAL_RCC_GetPCLK2Freq
 .text.RCCEx_PLLSAI1_Config
                0x08001a48      0x170 build/stm32l4xx_hal_rcc_ex.o
 .text.RCCEx_PLLSAI2_Config
                0x08001bb8      0x14c build/stm32l4xx_hal_rcc_ex.o
 .text.HAL_RCCEx_PeriphCLKConfig
                0x08001d04      0x454 build/stm32l4xx_hal_rcc_ex.o
                0x08001d04                HAL_RCCEx_PeriphCLKConfig
 .text.HAL_GPIO_Init
                0x08002158      0x200 build/stm32l4xx_hal_gpio.o
                0x08002158                HAL_GPIO_Init
 .text.HAL_GPIO_ReadPin
                0x08002358        0xe build/stm32l4xx_hal_gpio.o
                0x08002358                HAL_GPIO_ReadPin
 .text.HAL_GPIO_WritePin
                0x08002366        0xa build/stm32l4xx_hal_gpio.o
                0x08002366                HAL_GPIO_WritePin
 .text.HAL_GPIO_TogglePin
                0x08002370       0x12 build/stm32l4xx_hal_gpio.o
                0x08002370                HAL_GPIO_TogglePin
 *fill*         0x08002382        0x2 
 .text.HAL_PWREx_GetVoltageRange
                0x08002384       0x10 build/stm32l4xx_hal_pwr_ex.o
                0x08002384                HAL_PWREx_GetVoltageRange
 .text.HAL_NVIC_SetPriorityGrouping
                0x08002394       0x24 build/stm32l4xx_hal_cortex.o
                0x08002394                HAL_NVIC_SetPriorityGrouping
 .text.HAL_NVIC_SetPriority
                0x080023b8       0x70 build/stm32l4xx_hal_cortex.o
                0x080023b8                HAL_NVIC_SetPriority
 .text.HAL_NVIC_EnableIRQ
                0x08002428       0x1c build/stm32l4xx_hal_cortex.o
                0x08002428                HAL_NVIC_EnableIRQ
 .text.HAL_SYSTICK_Config
                0x08002444       0x28 build/stm32l4xx_hal_cortex.o
                0x08002444                HAL_SYSTICK_Config
 .text.HAL_CAN_Init
                0x0800246c      0x14c build/stm32l4xx_hal_can.o
                0x0800246c                HAL_CAN_Init
 .text.HAL_CAN_ConfigFilter
                0x080025b8      0x106 build/stm32l4xx_hal_can.o
                0x080025b8                HAL_CAN_ConfigFilter
 .text.HAL_CAN_Start
                0x080026be       0x5c build/stm32l4xx_hal_can.o
                0x080026be                HAL_CAN_Start
 .text.HAL_CAN_AddTxMessage
                0x0800271a       0xea build/stm32l4xx_hal_can.o
                0x0800271a                HAL_CAN_AddTxMessage
 .text.HAL_CAN_GetRxMessage
                0x08002804      0x14a build/stm32l4xx_hal_can.o
                0x08002804                HAL_CAN_GetRxMessage
 .text.HAL_CAN_ActivateNotification
                0x0800294e       0x24 build/stm32l4xx_hal_can.o
                0x0800294e                HAL_CAN_ActivateNotification
 .text.HAL_CAN_TxMailbox0CompleteCallback
                0x08002972        0x2 build/stm32l4xx_hal_can.o
                0x08002972                HAL_CAN_TxMailbox0CompleteCallback
 .text.HAL_CAN_TxMailbox1CompleteCallback
                0x08002974        0x2 build/stm32l4xx_hal_can.o
                0x08002974                HAL_CAN_TxMailbox1CompleteCallback
 .text.HAL_CAN_TxMailbox2CompleteCallback
                0x08002976        0x2 build/stm32l4xx_hal_can.o
                0x08002976                HAL_CAN_TxMailbox2CompleteCallback
 .text.HAL_CAN_TxMailbox0AbortCallback
                0x08002978        0x2 build/stm32l4xx_hal_can.o
                0x08002978                HAL_CAN_TxMailbox0AbortCallback
 .text.HAL_CAN_TxMailbox1AbortCallback
                0x0800297a        0x2 build/stm32l4xx_hal_can.o
                0x0800297a                HAL_CAN_TxMailbox1AbortCallback
 .text.HAL_CAN_TxMailbox2AbortCallback
                0x0800297c        0x2 build/stm32l4xx_hal_can.o
                0x0800297c                HAL_CAN_TxMailbox2AbortCallback
 .text.HAL_CAN_RxFifo0FullCallback
                0x0800297e        0x2 build/stm32l4xx_hal_can.o
                0x0800297e                HAL_CAN_RxFifo0FullCallback
 .text.HAL_CAN_RxFifo1MsgPendingCallback
                0x08002980        0x2 build/stm32l4xx_hal_can.o
                0x08002980                HAL_CAN_RxFifo1MsgPendingCallback
 .text.HAL_CAN_RxFifo1FullCallback
                0x08002982        0x2 build/stm32l4xx_hal_can.o
                0x08002982                HAL_CAN_RxFifo1FullCallback
 .text.HAL_CAN_SleepCallback
                0x08002984        0x2 build/stm32l4xx_hal_can.o
                0x08002984                HAL_CAN_SleepCallback
 .text.HAL_CAN_WakeUpFromRxMsgCallback
                0x08002986        0x2 build/stm32l4xx_hal_can.o
                0x08002986                HAL_CAN_WakeUpFromRxMsgCallback
 .text.HAL_CAN_ErrorCallback
                0x08002988        0x2 build/stm32l4xx_hal_can.o
                0x08002988                HAL_CAN_ErrorCallback
 .text.HAL_CAN_IRQHandler
                0x0800298a      0x24a build/stm32l4xx_hal_can.o
                0x0800298a                HAL_CAN_IRQHandler
 .text.UART_SetConfig
                0x08002bd4      0x328 build/stm32l4xx_hal_uart.o
                0x08002bd4                UART_SetConfig
 .text.UART_AdvFeatureConfig
                0x08002efc       0xca build/stm32l4xx_hal_uart.o
                0x08002efc                UART_AdvFeatureConfig
 .text.UART_WaitOnFlagUntilTimeout
                0x08002fc6       0xd4 build/stm32l4xx_hal_uart.o
                0x08002fc6                UART_WaitOnFlagUntilTimeout
 .text.HAL_UART_Transmit
                0x0800309a       0xd8 build/stm32l4xx_hal_uart.o
                0x0800309a                HAL_UART_Transmit
 .text.UART_CheckIdleState
                0x08003172       0x70 build/stm32l4xx_hal_uart.o
                0x08003172                UART_CheckIdleState
 .text.HAL_UART_Init
                0x080031e2       0x62 build/stm32l4xx_hal_uart.o
                0x080031e2                HAL_UART_Init
 .text.SystemInit
                0x08003244       0x14 build/system_stm32l4xx.o
                0x08003244                SystemInit
 .text.Reset_Handler
                0x08003258       0x50 build/startup_stm32l476xx.o
                0x08003258                Reset_Handler
 .text.Default_Handler
                0x080032a8        0x2 build/startup_stm32l476xx.o
                0x080032a8                RTC_Alarm_IRQHandler
                0x080032a8                EXTI2_IRQHandler
                0x080032a8                TIM8_TRG_COM_IRQHandler
                0x080032a8                TIM8_CC_IRQHandler
                0x080032a8                TIM1_CC_IRQHandler
                0x080032a8                TSC_IRQHandler
                0x080032a8                TAMP_STAMP_IRQHandler
                0x080032a8                EXTI3_IRQHandler
                0x080032a8                LPTIM2_IRQHandler
                0x080032a8                DFSDM1_FLT1_IRQHandler
                0x080032a8                I2C3_ER_IRQHandler
                0x080032a8                DFSDM1_FLT2_IRQHandler
                0x080032a8                EXTI0_IRQHandler
                0x080032a8                I2C2_EV_IRQHandler
                0x080032a8                FPU_IRQHandler
                0x080032a8                TIM1_UP_TIM16_IRQHandler
                0x080032a8                ADC1_2_IRQHandler
                0x080032a8                SPI1_IRQHandler
                0x080032a8                TIM6_DAC_IRQHandler
                0x080032a8                TIM8_UP_IRQHandler
                0x080032a8                DMA2_Channel2_IRQHandler
                0x080032a8                DMA1_Channel4_IRQHandler
                0x080032a8                SAI2_IRQHandler
                0x080032a8                DFSDM1_FLT3_IRQHandler
                0x080032a8                USART3_IRQHandler
                0x080032a8                DMA1_Channel7_IRQHandler
                0x080032a8                CAN1_RX1_IRQHandler
                0x080032a8                LCD_IRQHandler
                0x080032a8                UART5_IRQHandler
                0x080032a8                ADC3_IRQHandler
                0x080032a8                TIM4_IRQHandler
                0x080032a8                DMA2_Channel1_IRQHandler
                0x080032a8                QUADSPI_IRQHandler
                0x080032a8                I2C1_EV_IRQHandler
                0x080032a8                DMA1_Channel6_IRQHandler
                0x080032a8                UART4_IRQHandler
                0x080032a8                DMA2_Channel4_IRQHandler
                0x080032a8                TIM3_IRQHandler
                0x080032a8                RCC_IRQHandler
                0x080032a8                DMA1_Channel1_IRQHandler
                0x080032a8                Default_Handler
                0x080032a8                DMA2_Channel7_IRQHandler
                0x080032a8                EXTI15_10_IRQHandler
                0x080032a8                TIM7_IRQHandler
                0x080032a8                SDMMC1_IRQHandler
                0x080032a8                TIM5_IRQHandler
                0x080032a8                I2C3_EV_IRQHandler
                0x080032a8                EXTI9_5_IRQHandler
                0x080032a8                RTC_WKUP_IRQHandler
                0x080032a8                PVD_PVM_IRQHandler
                0x080032a8                SPI2_IRQHandler
                0x080032a8                CAN1_TX_IRQHandler
                0x080032a8                DMA2_Channel5_IRQHandler
                0x080032a8                DMA1_Channel5_IRQHandler
                0x080032a8                EXTI4_IRQHandler
                0x080032a8                RNG_IRQHandler
                0x080032a8                TIM1_TRG_COM_TIM17_IRQHandler
                0x080032a8                DMA1_Channel3_IRQHandler
                0x080032a8                COMP_IRQHandler
                0x080032a8                WWDG_IRQHandler
                0x080032a8                LPUART1_IRQHandler
                0x080032a8                DMA2_Channel6_IRQHandler
                0x080032a8                TIM2_IRQHandler
                0x080032a8                EXTI1_IRQHandler
                0x080032a8                USART2_IRQHandler
                0x080032a8                DFSDM1_FLT0_IRQHandler
                0x080032a8                I2C2_ER_IRQHandler
                0x080032a8                DMA1_Channel2_IRQHandler
                0x080032a8                TIM8_BRK_IRQHandler
                0x080032a8                CAN1_SCE_IRQHandler
                0x080032a8                FLASH_IRQHandler
                0x080032a8                USART1_IRQHandler
                0x080032a8                OTG_FS_IRQHandler
                0x080032a8                SPI3_IRQHandler
                0x080032a8                I2C1_ER_IRQHandler
                0x080032a8                FMC_IRQHandler
                0x080032a8                SWPMI1_IRQHandler
                0x080032a8                LPTIM1_IRQHandler
                0x080032a8                SAI1_IRQHandler
                0x080032a8                DMA2_Channel3_IRQHandler
                0x080032a8                TIM1_BRK_TIM15_IRQHandler
 *fill*         0x080032aa        0x2 
 .text.__libc_init_array
                0x080032ac       0x48 c:/program files (x86)/gnu arm embedded toolchain/10 2021.10/bin/../lib/gcc/arm-none-eabi/10.3.1/../../../../arm-none-eabi/lib/thumb/v7e-m+fp/hard\libc_nano.a(lib_a-init.o)
                0x080032ac                __libc_init_array
 .text.memset   0x080032f4       0x10 c:/program files (x86)/gnu arm embedded toolchain/10 2021.10/bin/../lib/gcc/arm-none-eabi/10.3.1/../../../../arm-none-eabi/lib/thumb/v7e-m+fp/hard\libc_nano.a(lib_a-memset.o)
                0x080032f4                memset
 .text.sprintf  0x08003304       0x40 c:/program files (x86)/gnu arm embedded toolchain/10 2021.10/bin/../lib/gcc/arm-none-eabi/10.3.1/../../../../arm-none-eabi/lib/thumb/v7e-m+fp/hard\libc_nano.a(lib_a-sprintf.o)
                0x08003304                siprintf
                0x08003304                sprintf
 .text.__ssputs_r
                0x08003344       0xb6 c:/program files (x86)/gnu arm embedded toolchain/10 2021.10/bin/../lib/gcc/arm-none-eabi/10.3.1/../../../../arm-none-eabi/lib/thumb/v7e-m+fp/hard\libc_nano.a(lib_a-nano-svfprintf.o)
                0x08003344                __ssputs_r
 *fill*         0x080033fa        0x2 
 .text._svfprintf_r
                0x080033fc      0x200 c:/program files (x86)/gnu arm embedded toolchain/10 2021.10/bin/../lib/gcc/arm-none-eabi/10.3.1/../../../../arm-none-eabi/lib/thumb/v7e-m+fp/hard\libc_nano.a(lib_a-nano-svfprintf.o)
                0x080033fc                _svfiprintf_r
                0x080033fc                _svfprintf_r
 .text._printf_common
                0x080035fc       0xda c:/program files (x86)/gnu arm embedded toolchain/10 2021.10/bin/../lib/gcc/arm-none-eabi/10.3.1/../../../../arm-none-eabi/lib/thumb/v7e-m+fp/hard\libc_nano.a(lib_a-nano-vfprintf_i.o)
                0x080035fc                _printf_common
 *fill*         0x080036d6        0x2 
 .text._printf_i
                0x080036d8      0x24c c:/program files (x86)/gnu arm embedded toolchain/10 2021.10/bin/../lib/gcc/arm-none-eabi/10.3.1/../../../../arm-none-eabi/lib/thumb/v7e-m+fp/hard\libc_nano.a(lib_a-nano-vfprintf_i.o)
                0x080036d8                _printf_i
 .text.memcpy   0x08003924       0x1c c:/program files (x86)/gnu arm embedded toolchain/10 2021.10/bin/../lib/gcc/arm-none-eabi/10.3.1/../../../../arm-none-eabi/lib/thumb/v7e-m+fp/hard\libc_nano.a(lib_a-memcpy-stub.o)
                0x08003924                memcpy
 .text.memmove  0x08003940       0x34 c:/program files (x86)/gnu arm embedded toolchain/10 2021.10/bin/../lib/gcc/arm-none-eabi/10.3.1/../../../../arm-none-eabi/lib/thumb/v7e-m+fp/hard\libc_nano.a(lib_a-memmove.o)
                0x08003940                memmove
 .text._free_r  0x08003974       0x98 c:/program files (x86)/gnu arm embedded toolchain/10 2021.10/bin/../lib/gcc/arm-none-eabi/10.3.1/../../../../arm-none-eabi/lib/thumb/v7e-m+fp/hard\libc_nano.a(lib_a-nano-freer.o)
                0x08003974                _free_r
 .text.sbrk_aligned
                0x08003a0c       0x40 c:/program files (x86)/gnu arm embedded toolchain/10 2021.10/bin/../lib/gcc/arm-none-eabi/10.3.1/../../../../arm-none-eabi/lib/thumb/v7e-m+fp/hard\libc_nano.a(lib_a-nano-mallocr.o)
 .text._malloc_r
                0x08003a4c       0xe8 c:/program files (x86)/gnu arm embedded toolchain/10 2021.10/bin/../lib/gcc/arm-none-eabi/10.3.1/../../../../arm-none-eabi/lib/thumb/v7e-m+fp/hard\libc_nano.a(lib_a-nano-mallocr.o)
                0x08003a4c                _malloc_r
 .text._realloc_r
                0x08003b34       0x5e c:/program files (x86)/gnu arm embedded toolchain/10 2021.10/bin/../lib/gcc/arm-none-eabi/10.3.1/../../../../arm-none-eabi/lib/thumb/v7e-m+fp/hard\libc_nano.a(lib_a-nano-reallocr.o)
                0x08003b34                _realloc_r
 *fill*         0x08003b92        0x2 
 .text._sbrk_r  0x08003b94       0x20 c:/program files (x86)/gnu arm embedded toolchain/10 2021.10/bin/../lib/gcc/arm-none-eabi/10.3.1/../../../../arm-none-eabi/lib/thumb/v7e-m+fp/hard\libc_nano.a(lib_a-sbrkr.o)
                0x08003b94                _sbrk_r
 .text.__malloc_lock
                0x08003bb4        0xc c:/program files (x86)/gnu arm embedded toolchain/10 2021.10/bin/../lib/gcc/arm-none-eabi/10.3.1/../../../../arm-none-eabi/lib/thumb/v7e-m+fp/hard\libc_nano.a(lib_a-mlock.o)
                0x08003bb4                __malloc_lock
 .text.__malloc_unlock
                0x08003bc0        0xc c:/program files (x86)/gnu arm embedded toolchain/10 2021.10/bin/../lib/gcc/arm-none-eabi/10.3.1/../../../../arm-none-eabi/lib/thumb/v7e-m+fp/hard\libc_nano.a(lib_a-mlock.o)
                0x08003bc0                __malloc_unlock
 .text._malloc_usable_size_r
                0x08003bcc       0x10 c:/program files (x86)/gnu arm embedded toolchain/10 2021.10/bin/../lib/gcc/arm-none-eabi/10.3.1/../../../../arm-none-eabi/lib/thumb/v7e-m+fp/hard\libc_nano.a(lib_a-nano-msizer.o)
                0x08003bcc                _malloc_usable_size_r
 .text.__retarget_lock_acquire_recursive
                0x08003bdc        0x2 c:/program files (x86)/gnu arm embedded toolchain/10 2021.10/bin/../lib/gcc/arm-none-eabi/10.3.1/../../../../arm-none-eabi/lib/thumb/v7e-m+fp/hard\libc_nano.a(lib_a-lock.o)
                0x08003bdc                __retarget_lock_acquire_recursive
 .text.__retarget_lock_release_recursive
                0x08003bde        0x2 c:/program files (x86)/gnu arm embedded toolchain/10 2021.10/bin/../lib/gcc/arm-none-eabi/10.3.1/../../../../arm-none-eabi/lib/thumb/v7e-m+fp/hard\libc_nano.a(lib_a-lock.o)
                0x08003bde                __retarget_lock_release_recursive
 .text._sbrk    0x08003be0       0x1c c:/program files (x86)/gnu arm embedded toolchain/10 2021.10/bin/../lib/gcc/arm-none-eabi/10.3.1/../../../../arm-none-eabi/lib/thumb/v7e-m+fp/hard\libnosys.a(sbrk.o)
                0x08003be0                _sbrk
 *(.glue_7)
 .glue_7        0x08003bfc        0x0 linker stubs
 *(.glue_7t)
 .glue_7t       0x08003bfc        0x0 linker stubs
 *(.eh_frame)
 .eh_frame      0x08003bfc        0x0 c:/program files (x86)/gnu arm embedded toolchain/10 2021.10/bin/../lib/gcc/arm-none-eabi/10.3.1/thumb/v7e-m+fp/hard/crtbegin.o
 *(.init)
 .init          0x08003bfc        0x4 c:/program files (x86)/gnu arm embedded toolchain/10 2021.10/bin/../lib/gcc/arm-none-eabi/10.3.1/thumb/v7e-m+fp/hard/crti.o
                0x08003bfc                _init
 .init          0x08003c00        0x8 c:/program files (x86)/gnu arm embedded toolchain/10 2021.10/bin/../lib/gcc/arm-none-eabi/10.3.1/thumb/v7e-m+fp/hard/crtn.o
 *(.fini)
 .fini          0x08003c08        0x4 c:/program files (x86)/gnu arm embedded toolchain/10 2021.10/bin/../lib/gcc/arm-none-eabi/10.3.1/thumb/v7e-m+fp/hard/crti.o
                0x08003c08                _fini
 .fini          0x08003c0c        0x8 c:/program files (x86)/gnu arm embedded toolchain/10 2021.10/bin/../lib/gcc/arm-none-eabi/10.3.1/thumb/v7e-m+fp/hard/crtn.o
                0x08003c18                . = ALIGN (0x8)
 *fill*         0x08003c14        0x4 
                0x08003c18                _etext = .

.vfp11_veneer   0x08003c18        0x0
 .vfp11_veneer  0x08003c18        0x0 linker stubs

.v4_bx          0x08003c18        0x0
 .v4_bx         0x08003c18        0x0 linker stubs

.iplt           0x08003c18        0x0
 .iplt          0x08003c18        0x0 c:/program files (x86)/gnu arm embedded toolchain/10 2021.10/bin/../lib/gcc/arm-none-eabi/10.3.1/thumb/v7e-m+fp/hard/crtbegin.o

.rodata         0x08003c18      0x190
                0x08003c18                . = ALIGN (0x8)
 *(.rodata)
 *(.rodata*)
 .rodata.checkGPIOInputs.str1.4
                0x08003c18       0x22 build/main.o
 *fill*         0x08003c3a        0x2 
 .rodata.CAN_CommunicationTest.str1.4
                0x08003c3c       0x1a build/main.o
 *fill*         0x08003c56        0x2 
 .rodata.slaveCommunicationTest.str1.4
                0x08003c58       0x20 build/main.o
 .rodata.LTC2949_CommunicationTest.str1.4
                0x08003c78       0x22 build/main.o
 *fill*         0x08003c9a        0x2 
 .rodata.cellBalancingMosfetsTest.str1.4
                0x08003c9c       0x1f build/main.o
 *fill*         0x08003cbb        0x1 
 .rodata.eepromTest.str1.4
                0x08003cbc       0x18 build/main.o
 .rodata.ContactorMOSFETSTests.str1.4
                0x08003cd4       0x23 build/main.o
 *fill*         0x08003cf7        0x1 
 .rodata.TestAll.str1.4
                0x08003cf8       0x1a build/main.o
 *fill*         0x08003d12        0x2 
 .rodata.main.str1.4
                0x08003d14       0x18 build/main.o
 .rodata.AHBPrescTable
                0x08003d2c       0x10 build/system_stm32l4xx.o
                0x08003d2c                AHBPrescTable
 .rodata.APBPrescTable
                0x08003d3c        0x8 build/system_stm32l4xx.o
                0x08003d3c                APBPrescTable
 .rodata.MSIRangeTable
                0x08003d44       0x30 build/system_stm32l4xx.o
                0x08003d44                MSIRangeTable
 .rodata._svfprintf_r.str1.1
                0x08003d74       0x11 c:/program files (x86)/gnu arm embedded toolchain/10 2021.10/bin/../lib/gcc/arm-none-eabi/10.3.1/../../../../arm-none-eabi/lib/thumb/v7e-m+fp/hard\libc_nano.a(lib_a-nano-svfprintf.o)
 .rodata._printf_i.str1.1
                0x08003d85       0x22 c:/program files (x86)/gnu arm embedded toolchain/10 2021.10/bin/../lib/gcc/arm-none-eabi/10.3.1/../../../../arm-none-eabi/lib/thumb/v7e-m+fp/hard\libc_nano.a(lib_a-nano-vfprintf_i.o)
                0x08003da8                . = ALIGN (0x8)
 *fill*         0x08003da7        0x1 

.ARM.extab      0x08003da8        0x0
                0x08003da8                . = ALIGN (0x8)
 *(.ARM.extab* .gnu.linkonce.armextab.*)
                0x08003da8                . = ALIGN (0x8)

.ARM            0x08003da8        0x8
                0x08003da8                . = ALIGN (0x8)
                0x08003da8                __exidx_start = .
 *(.ARM.exidx*)
 .ARM.exidx     0x08003da8        0x8 c:/program files (x86)/gnu arm embedded toolchain/10 2021.10/bin/../lib/gcc/arm-none-eabi/10.3.1/thumb/v7e-m+fp/hard\libgcc.a(_udivmoddi4.o)
                0x08003db0                __exidx_end = .
                0x08003db0                . = ALIGN (0x8)

.rel.dyn        0x08003db0        0x0
 .rel.iplt      0x08003db0        0x0 c:/program files (x86)/gnu arm embedded toolchain/10 2021.10/bin/../lib/gcc/arm-none-eabi/10.3.1/thumb/v7e-m+fp/hard/crtbegin.o

.preinit_array  0x08003db0        0x0
                0x08003db0                . = ALIGN (0x8)
                0x08003db0                PROVIDE (__preinit_array_start = .)
 *(.preinit_array*)
                0x08003db0                PROVIDE (__preinit_array_end = .)
                0x08003db0                . = ALIGN (0x8)

.init_array     0x08003db0        0x8
                0x08003db0                . = ALIGN (0x8)
                0x08003db0                PROVIDE (__init_array_start = .)
 *(SORT_BY_NAME(.init_array.*))
 *(.init_array*)
 .init_array    0x08003db0        0x4 c:/program files (x86)/gnu arm embedded toolchain/10 2021.10/bin/../lib/gcc/arm-none-eabi/10.3.1/thumb/v7e-m+fp/hard/crtbegin.o
                0x08003db4                PROVIDE (__init_array_end = .)
                0x08003db8                . = ALIGN (0x8)
 *fill*         0x08003db4        0x4 

.fini_array     0x08003db8        0x8
                0x08003db8                . = ALIGN (0x8)
                [!provide]                PROVIDE (__fini_array_start = .)
 *(SORT_BY_NAME(.fini_array.*))
 *(.fini_array*)
 .fini_array    0x08003db8        0x4 c:/program files (x86)/gnu arm embedded toolchain/10 2021.10/bin/../lib/gcc/arm-none-eabi/10.3.1/thumb/v7e-m+fp/hard/crtbegin.o
                [!provide]                PROVIDE (__fini_array_end = .)
                0x08003dc0                . = ALIGN (0x8)
 *fill*         0x08003dbc        0x4 
                0x08003dc0                _sidata = LOADADDR (.data)

.data           0x20000000       0x70 load address 0x08003dc0
                0x20000000                . = ALIGN (0x8)
                0x20000000                _sdata = .
 *(.data)
 *(.data*)
 .data.currentTest
                0x20000000        0x1 build/main.o
                0x20000000                currentTest
 .data.uwTickFreq
                0x20000001        0x1 build/stm32l4xx_hal.o
                0x20000001                uwTickFreq
 *fill*         0x20000002        0x2 
 .data.uwTickPrio
                0x20000004        0x4 build/stm32l4xx_hal.o
                0x20000004                uwTickPrio
 .data.SystemCoreClock
                0x20000008        0x4 build/system_stm32l4xx.o
                0x20000008                SystemCoreClock
 .data._impure_ptr
                0x2000000c        0x4 c:/program files (x86)/gnu arm embedded toolchain/10 2021.10/bin/../lib/gcc/arm-none-eabi/10.3.1/../../../../arm-none-eabi/lib/thumb/v7e-m+fp/hard\libc_nano.a(lib_a-impure.o)
                0x2000000c                _impure_ptr
 .data.impure_data
                0x20000010       0x60 c:/program files (x86)/gnu arm embedded toolchain/10 2021.10/bin/../lib/gcc/arm-none-eabi/10.3.1/../../../../arm-none-eabi/lib/thumb/v7e-m+fp/hard\libc_nano.a(lib_a-impure.o)
                0x20000070                . = ALIGN (0x8)
                0x20000070                _edata = .

.igot.plt       0x20000070        0x0 load address 0x08003e30
 .igot.plt      0x20000070        0x0 c:/program files (x86)/gnu arm embedded toolchain/10 2021.10/bin/../lib/gcc/arm-none-eabi/10.3.1/thumb/v7e-m+fp/hard/crtbegin.o
                0x20000070                . = ALIGN (0x4)

.bss            0x20000070       0xf0 load address 0x08003e30
                0x20000070                _sbss = .
                0x20000070                __bss_start__ = _sbss
 *(.bss)
 .bss           0x20000070       0x1c c:/program files (x86)/gnu arm embedded toolchain/10 2021.10/bin/../lib/gcc/arm-none-eabi/10.3.1/thumb/v7e-m+fp/hard/crtbegin.o
 *(.bss*)
 .bss.CAN_COMMUNICATION_FLAG
                0x2000008c        0x1 build/main.o
                0x2000008c                CAN_COMMUNICATION_FLAG
 .bss.CELL_BALANCING_FLAG
                0x2000008d        0x1 build/main.o
                0x2000008d                CELL_BALANCING_FLAG
 .bss.CONTACTOR_MOSFETS_CONTROL
                0x2000008e        0x1 build/main.o
                0x2000008e                CONTACTOR_MOSFETS_CONTROL
 .bss.EEPROM_TEST_FLAG
                0x2000008f        0x1 build/main.o
                0x2000008f                EEPROM_TEST_FLAG
 .bss.LTC2949_COMMUNCIATION_FLAG
                0x20000090        0x1 build/main.o
                0x20000090                LTC2949_COMMUNCIATION_FLAG
 .bss.SLAVE_COMMUNICATION_FLAG
                0x20000091        0x1 build/main.o
                0x20000091                SLAVE_COMMUNICATION_FLAG
 *fill*         0x20000092        0x2 
 .bss.canData   0x20000094        0x8 build/main.o
                0x20000094                canData
 .bss.hcan1     0x2000009c       0x28 build/can.o
                0x2000009c                hcan1
 .bss.hlpuart1  0x200000c4       0x84 build/usart.o
                0x200000c4                hlpuart1
 .bss.uwTick    0x20000148        0x4 build/stm32l4xx_hal.o
                0x20000148                uwTick
 .bss.__malloc_free_list
                0x2000014c        0x4 c:/program files (x86)/gnu arm embedded toolchain/10 2021.10/bin/../lib/gcc/arm-none-eabi/10.3.1/../../../../arm-none-eabi/lib/thumb/v7e-m+fp/hard\libc_nano.a(lib_a-nano-mallocr.o)
                0x2000014c                __malloc_free_list
 .bss.__malloc_sbrk_start
                0x20000150        0x4 c:/program files (x86)/gnu arm embedded toolchain/10 2021.10/bin/../lib/gcc/arm-none-eabi/10.3.1/../../../../arm-none-eabi/lib/thumb/v7e-m+fp/hard\libc_nano.a(lib_a-nano-mallocr.o)
                0x20000150                __malloc_sbrk_start
 .bss.errno     0x20000154        0x4 c:/program files (x86)/gnu arm embedded toolchain/10 2021.10/bin/../lib/gcc/arm-none-eabi/10.3.1/../../../../arm-none-eabi/lib/thumb/v7e-m+fp/hard\libc_nano.a(lib_a-reent.o)
                0x20000154                errno
 .bss.__lock___malloc_recursive_mutex
                0x20000158        0x1 c:/program files (x86)/gnu arm embedded toolchain/10 2021.10/bin/../lib/gcc/arm-none-eabi/10.3.1/../../../../arm-none-eabi/lib/thumb/v7e-m+fp/hard\libc_nano.a(lib_a-lock.o)
                0x20000158                __lock___malloc_recursive_mutex
 *fill*         0x20000159        0x3 
 .bss.heap_end.0
                0x2000015c        0x4 c:/program files (x86)/gnu arm embedded toolchain/10 2021.10/bin/../lib/gcc/arm-none-eabi/10.3.1/../../../../arm-none-eabi/lib/thumb/v7e-m+fp/hard\libnosys.a(sbrk.o)
 *(COMMON)
                0x20000160                . = ALIGN (0x4)
                0x20000160                _ebss = .
                0x20000160                __bss_end__ = _ebss

._user_heap_stack
                0x20000160      0x600 load address 0x08003e30
                0x20000160                . = ALIGN (0x8)
                0x20000160                PROVIDE (end = .)
                [!provide]                PROVIDE (_end = .)
                0x20000360                . = (. + _Min_Heap_Size)
 *fill*         0x20000160      0x200 
                0x20000760                . = (. + _Min_Stack_Size)
 *fill*         0x20000360      0x400 
                0x20000760                . = ALIGN (0x8)

/DISCARD/
 libc.a(*)
 libm.a(*)
 libgcc.a(*)

.ARM.attributes
                0x00000000       0x30
 *(.ARM.attributes)
 .ARM.attributes
                0x00000000       0x1e c:/program files (x86)/gnu arm embedded toolchain/10 2021.10/bin/../lib/gcc/arm-none-eabi/10.3.1/thumb/v7e-m+fp/hard/crti.o
 .ARM.attributes
                0x0000001e       0x34 c:/program files (x86)/gnu arm embedded toolchain/10 2021.10/bin/../lib/gcc/arm-none-eabi/10.3.1/thumb/v7e-m+fp/hard/crtbegin.o
 .ARM.attributes
                0x00000052       0x34 build/main.o
 .ARM.attributes
                0x00000086       0x34 build/gpio.o
 .ARM.attributes
                0x000000ba       0x34 build/can.o
 .ARM.attributes
                0x000000ee       0x34 build/usart.o
 .ARM.attributes
                0x00000122       0x34 build/stm32l4xx_it.o
 .ARM.attributes
                0x00000156       0x34 build/stm32l4xx_hal_msp.o
 .ARM.attributes
                0x0000018a       0x34 build/stm32l4xx_hal.o
 .ARM.attributes
                0x000001be       0x34 build/stm32l4xx_hal_rcc.o
 .ARM.attributes
                0x000001f2       0x34 build/stm32l4xx_hal_rcc_ex.o
 .ARM.attributes
                0x00000226       0x34 build/stm32l4xx_hal_gpio.o
 .ARM.attributes
                0x0000025a       0x34 build/stm32l4xx_hal_pwr_ex.o
 .ARM.attributes
                0x0000028e       0x34 build/stm32l4xx_hal_cortex.o
 .ARM.attributes
                0x000002c2       0x34 build/stm32l4xx_hal_can.o
 .ARM.attributes
                0x000002f6       0x34 build/stm32l4xx_hal_uart.o
 .ARM.attributes
                0x0000032a       0x34 build/system_stm32l4xx.o
 .ARM.attributes
                0x0000035e       0x21 build/startup_stm32l476xx.o
 .ARM.attributes
                0x0000037f       0x34 c:/program files (x86)/gnu arm embedded toolchain/10 2021.10/bin/../lib/gcc/arm-none-eabi/10.3.1/../../../../arm-none-eabi/lib/thumb/v7e-m+fp/hard\libc_nano.a(lib_a-impure.o)
 .ARM.attributes
                0x000003b3       0x34 c:/program files (x86)/gnu arm embedded toolchain/10 2021.10/bin/../lib/gcc/arm-none-eabi/10.3.1/../../../../arm-none-eabi/lib/thumb/v7e-m+fp/hard\libc_nano.a(lib_a-init.o)
 .ARM.attributes
                0x000003e7       0x34 c:/program files (x86)/gnu arm embedded toolchain/10 2021.10/bin/../lib/gcc/arm-none-eabi/10.3.1/../../../../arm-none-eabi/lib/thumb/v7e-m+fp/hard\libc_nano.a(lib_a-memset.o)
 .ARM.attributes
                0x0000041b       0x34 c:/program files (x86)/gnu arm embedded toolchain/10 2021.10/bin/../lib/gcc/arm-none-eabi/10.3.1/../../../../arm-none-eabi/lib/thumb/v7e-m+fp/hard\libc_nano.a(lib_a-sprintf.o)
 .ARM.attributes
                0x0000044f       0x17 c:/program files (x86)/gnu arm embedded toolchain/10 2021.10/bin/../lib/gcc/arm-none-eabi/10.3.1/../../../../arm-none-eabi/lib/thumb/v7e-m+fp/hard\libc_nano.a(lib_a-strlen.o)
 .ARM.attributes
                0x00000466       0x34 c:/program files (x86)/gnu arm embedded toolchain/10 2021.10/bin/../lib/gcc/arm-none-eabi/10.3.1/../../../../arm-none-eabi/lib/thumb/v7e-m+fp/hard\libc_nano.a(lib_a-nano-svfprintf.o)
 .ARM.attributes
                0x0000049a       0x34 c:/program files (x86)/gnu arm embedded toolchain/10 2021.10/bin/../lib/gcc/arm-none-eabi/10.3.1/../../../../arm-none-eabi/lib/thumb/v7e-m+fp/hard\libc_nano.a(lib_a-nano-vfprintf_i.o)
 .ARM.attributes
                0x000004ce       0x1c c:/program files (x86)/gnu arm embedded toolchain/10 2021.10/bin/../lib/gcc/arm-none-eabi/10.3.1/../../../../arm-none-eabi/lib/thumb/v7e-m+fp/hard\libc_nano.a(lib_a-memchr.o)
 .ARM.attributes
                0x000004ea       0x34 c:/program files (x86)/gnu arm embedded toolchain/10 2021.10/bin/../lib/gcc/arm-none-eabi/10.3.1/../../../../arm-none-eabi/lib/thumb/v7e-m+fp/hard\libc_nano.a(lib_a-memcpy-stub.o)
 .ARM.attributes
                0x0000051e       0x34 c:/program files (x86)/gnu arm embedded toolchain/10 2021.10/bin/../lib/gcc/arm-none-eabi/10.3.1/../../../../arm-none-eabi/lib/thumb/v7e-m+fp/hard\libc_nano.a(lib_a-memmove.o)
 .ARM.attributes
                0x00000552       0x34 c:/program files (x86)/gnu arm embedded toolchain/10 2021.10/bin/../lib/gcc/arm-none-eabi/10.3.1/../../../../arm-none-eabi/lib/thumb/v7e-m+fp/hard\libc_nano.a(lib_a-nano-freer.o)
 .ARM.attributes
                0x00000586       0x34 c:/program files (x86)/gnu arm embedded toolchain/10 2021.10/bin/../lib/gcc/arm-none-eabi/10.3.1/../../../../arm-none-eabi/lib/thumb/v7e-m+fp/hard\libc_nano.a(lib_a-nano-mallocr.o)
 .ARM.attributes
                0x000005ba       0x34 c:/program files (x86)/gnu arm embedded toolchain/10 2021.10/bin/../lib/gcc/arm-none-eabi/10.3.1/../../../../arm-none-eabi/lib/thumb/v7e-m+fp/hard\libc_nano.a(lib_a-nano-reallocr.o)
 .ARM.attributes
                0x000005ee       0x34 c:/program files (x86)/gnu arm embedded toolchain/10 2021.10/bin/../lib/gcc/arm-none-eabi/10.3.1/../../../../arm-none-eabi/lib/thumb/v7e-m+fp/hard\libc_nano.a(lib_a-sbrkr.o)
 .ARM.attributes
                0x00000622       0x34 c:/program files (x86)/gnu arm embedded toolchain/10 2021.10/bin/../lib/gcc/arm-none-eabi/10.3.1/../../../../arm-none-eabi/lib/thumb/v7e-m+fp/hard\libc_nano.a(lib_a-mlock.o)
 .ARM.attributes
                0x00000656       0x34 c:/program files (x86)/gnu arm embedded toolchain/10 2021.10/bin/../lib/gcc/arm-none-eabi/10.3.1/../../../../arm-none-eabi/lib/thumb/v7e-m+fp/hard\libc_nano.a(lib_a-nano-msizer.o)
 .ARM.attributes
                0x0000068a       0x34 c:/program files (x86)/gnu arm embedded toolchain/10 2021.10/bin/../lib/gcc/arm-none-eabi/10.3.1/../../../../arm-none-eabi/lib/thumb/v7e-m+fp/hard\libc_nano.a(lib_a-reent.o)
 .ARM.attributes
                0x000006be       0x34 c:/program files (x86)/gnu arm embedded toolchain/10 2021.10/bin/../lib/gcc/arm-none-eabi/10.3.1/../../../../arm-none-eabi/lib/thumb/v7e-m+fp/hard\libc_nano.a(lib_a-lock.o)
 .ARM.attributes
                0x000006f2       0x34 c:/program files (x86)/gnu arm embedded toolchain/10 2021.10/bin/../lib/gcc/arm-none-eabi/10.3.1/../../../../arm-none-eabi/lib/thumb/v7e-m+fp/hard\libnosys.a(sbrk.o)
 .ARM.attributes
                0x00000726       0x1e c:/program files (x86)/gnu arm embedded toolchain/10 2021.10/bin/../lib/gcc/arm-none-eabi/10.3.1/thumb/v7e-m+fp/hard\libgcc.a(_aeabi_uldivmod.o)
 .ARM.attributes
                0x00000744       0x34 c:/program files (x86)/gnu arm embedded toolchain/10 2021.10/bin/../lib/gcc/arm-none-eabi/10.3.1/thumb/v7e-m+fp/hard\libgcc.a(_udivmoddi4.o)
 .ARM.attributes
                0x00000778       0x1e c:/program files (x86)/gnu arm embedded toolchain/10 2021.10/bin/../lib/gcc/arm-none-eabi/10.3.1/thumb/v7e-m+fp/hard\libgcc.a(_dvmd_tls.o)
 .ARM.attributes
                0x00000796       0x1e c:/program files (x86)/gnu arm embedded toolchain/10 2021.10/bin/../lib/gcc/arm-none-eabi/10.3.1/thumb/v7e-m+fp/hard/crtn.o
OUTPUT(build/MarvelTestingJig.elf elf32-littlearm)
LOAD linker stubs
LOAD c:/program files (x86)/gnu arm embedded toolchain/10 2021.10/bin/../lib/gcc/arm-none-eabi/10.3.1/../../../../arm-none-eabi/lib/thumb/v7e-m+fp/hard\libc.a
LOAD c:/program files (x86)/gnu arm embedded toolchain/10 2021.10/bin/../lib/gcc/arm-none-eabi/10.3.1/../../../../arm-none-eabi/lib/thumb/v7e-m+fp/hard\libm.a
LOAD c:/program files (x86)/gnu arm embedded toolchain/10 2021.10/bin/../lib/gcc/arm-none-eabi/10.3.1/thumb/v7e-m+fp/hard\libgcc.a

.debug_info     0x00000000    0x1166e
 .debug_info    0x00000000     0x21c9 build/main.o
 .debug_info    0x000021c9      0x63b build/gpio.o
 .debug_info    0x00002804      0xfc1 build/can.o
 .debug_info    0x000037c5      0xf35 build/usart.o
 .debug_info    0x000046fa      0x5fe build/stm32l4xx_it.o
 .debug_info    0x00004cf8      0x35f build/stm32l4xx_hal_msp.o
 .debug_info    0x00005057      0xce0 build/stm32l4xx_hal.o
 .debug_info    0x00005d37     0x108c build/stm32l4xx_hal_rcc.o
 .debug_info    0x00006dc3     0x13d5 build/stm32l4xx_hal_rcc_ex.o
 .debug_info    0x00008198      0x91b build/stm32l4xx_hal_gpio.o
 .debug_info    0x00008ab3      0xbcc build/stm32l4xx_hal_pwr_ex.o
 .debug_info    0x0000967f     0x117a build/stm32l4xx_hal_cortex.o
 .debug_info    0x0000a7f9     0x1405 build/stm32l4xx_hal_can.o
 .debug_info    0x0000bbfe     0x53dd build/stm32l4xx_hal_uart.o
 .debug_info    0x00010fdb      0x671 build/system_stm32l4xx.o
 .debug_info    0x0001164c       0x22 build/startup_stm32l476xx.o

.debug_abbrev   0x00000000     0x20a8
 .debug_abbrev  0x00000000      0x30c build/main.o
 .debug_abbrev  0x0000030c      0x151 build/gpio.o
 .debug_abbrev  0x0000045d      0x1d8 build/can.o
 .debug_abbrev  0x00000635      0x1f0 build/usart.o
 .debug_abbrev  0x00000825      0x172 build/stm32l4xx_it.o
 .debug_abbrev  0x00000997       0xc1 build/stm32l4xx_hal_msp.o
 .debug_abbrev  0x00000a58      0x249 build/stm32l4xx_hal.o
 .debug_abbrev  0x00000ca1      0x28e build/stm32l4xx_hal_rcc.o
 .debug_abbrev  0x00000f2f      0x2b0 build/stm32l4xx_hal_rcc_ex.o
 .debug_abbrev  0x000011df      0x222 build/stm32l4xx_hal_gpio.o
 .debug_abbrev  0x00001401      0x234 build/stm32l4xx_hal_pwr_ex.o
 .debug_abbrev  0x00001635      0x382 build/stm32l4xx_hal_cortex.o
 .debug_abbrev  0x000019b7      0x2ae build/stm32l4xx_hal_can.o
 .debug_abbrev  0x00001c65      0x316 build/stm32l4xx_hal_uart.o
 .debug_abbrev  0x00001f7b      0x11b build/system_stm32l4xx.o
 .debug_abbrev  0x00002096       0x12 build/startup_stm32l476xx.o

.debug_loc      0x00000000     0xb02f
 .debug_loc     0x00000000      0x8b4 build/main.o
 .debug_loc     0x000008b4       0x38 build/gpio.o
 .debug_loc     0x000008ec      0x1b2 build/can.o
 .debug_loc     0x00000a9e       0xea build/usart.o
 .debug_loc     0x00000b88       0x40 build/stm32l4xx_it.o
 .debug_loc     0x00000bc8       0x2c build/stm32l4xx_hal_msp.o
 .debug_loc     0x00000bf4      0x2af build/stm32l4xx_hal.o
 .debug_loc     0x00000ea3      0x9ac build/stm32l4xx_hal_rcc.o
 .debug_loc     0x0000184f     0x1cf1 build/stm32l4xx_hal_rcc_ex.o
 .debug_loc     0x00003540      0x496 build/stm32l4xx_hal_gpio.o
 .debug_loc     0x000039d6      0xb66 build/stm32l4xx_hal_pwr_ex.o
 .debug_loc     0x0000453c      0x7a4 build/stm32l4xx_hal_cortex.o
 .debug_loc     0x00004ce0      0xf39 build/stm32l4xx_hal_can.o
 .debug_loc     0x00005c19     0x52ef build/stm32l4xx_hal_uart.o
 .debug_loc     0x0000af08      0x127 build/system_stm32l4xx.o

.debug_aranges  0x00000000      0xa18
 .debug_aranges
                0x00000000       0x78 build/main.o
 .debug_aranges
                0x00000078       0x20 build/gpio.o
 .debug_aranges
                0x00000098       0x38 build/can.o
 .debug_aranges
                0x000000d0       0x30 build/usart.o
 .debug_aranges
                0x00000100       0x68 build/stm32l4xx_it.o
 .debug_aranges
                0x00000168       0x20 build/stm32l4xx_hal_msp.o
 .debug_aranges
                0x00000188      0x130 build/stm32l4xx_hal.o
 .debug_aranges
                0x000002b8       0x90 build/stm32l4xx_hal_rcc.o
 .debug_aranges
                0x00000348       0xc0 build/stm32l4xx_hal_rcc_ex.o
 .debug_aranges
                0x00000408       0x58 build/stm32l4xx_hal_gpio.o
 .debug_aranges
                0x00000460      0x160 build/stm32l4xx_hal_pwr_ex.o
 .debug_aranges
                0x000005c0       0xa8 build/stm32l4xx_hal_cortex.o
 .debug_aranges
                0x00000668      0x138 build/stm32l4xx_hal_can.o
 .debug_aranges
                0x000007a0      0x228 build/stm32l4xx_hal_uart.o
 .debug_aranges
                0x000009c8       0x28 build/system_stm32l4xx.o
 .debug_aranges
                0x000009f0       0x28 build/startup_stm32l476xx.o

.debug_ranges   0x00000000      0xa20
 .debug_ranges  0x00000000       0xa8 build/main.o
 .debug_ranges  0x000000a8       0x10 build/gpio.o
 .debug_ranges  0x000000b8       0x28 build/can.o
 .debug_ranges  0x000000e0       0x20 build/usart.o
 .debug_ranges  0x00000100       0x58 build/stm32l4xx_it.o
 .debug_ranges  0x00000158       0x10 build/stm32l4xx_hal_msp.o
 .debug_ranges  0x00000168      0x120 build/stm32l4xx_hal.o
 .debug_ranges  0x00000288       0x98 build/stm32l4xx_hal_rcc.o
 .debug_ranges  0x00000320       0xc8 build/stm32l4xx_hal_rcc_ex.o
 .debug_ranges  0x000003e8       0x48 build/stm32l4xx_hal_gpio.o
 .debug_ranges  0x00000430      0x150 build/stm32l4xx_hal_pwr_ex.o
 .debug_ranges  0x00000580       0xf8 build/stm32l4xx_hal_cortex.o
 .debug_ranges  0x00000678      0x140 build/stm32l4xx_hal_can.o
 .debug_ranges  0x000007b8      0x230 build/stm32l4xx_hal_uart.o
 .debug_ranges  0x000009e8       0x18 build/system_stm32l4xx.o
 .debug_ranges  0x00000a00       0x20 build/startup_stm32l476xx.o

.debug_line     0x00000000     0xc294
 .debug_line    0x00000000      0x987 build/main.o
 .debug_line    0x00000987      0x274 build/gpio.o
 .debug_line    0x00000bfb      0x487 build/can.o
 .debug_line    0x00001082      0x332 build/usart.o
 .debug_line    0x000013b4      0x2c4 build/stm32l4xx_it.o
 .debug_line    0x00001678      0x16e build/stm32l4xx_hal_msp.o
 .debug_line    0x000017e6      0x6a6 build/stm32l4xx_hal.o
 .debug_line    0x00001e8c      0xf04 build/stm32l4xx_hal_rcc.o
 .debug_line    0x00002d90     0x1537 build/stm32l4xx_hal_rcc_ex.o
 .debug_line    0x000042c7      0x6da build/stm32l4xx_hal_gpio.o
 .debug_line    0x000049a1      0xaea build/stm32l4xx_hal_pwr_ex.o
 .debug_line    0x0000548b      0x781 build/stm32l4xx_hal_cortex.o
 .debug_line    0x00005c0c     0x10f3 build/stm32l4xx_hal_can.o
 .debug_line    0x00006cff     0x5279 build/stm32l4xx_hal_uart.o
 .debug_line    0x0000bf78      0x2a6 build/system_stm32l4xx.o
 .debug_line    0x0000c21e       0x76 build/startup_stm32l476xx.o

.debug_str      0x00000000     0x3a9e
 .debug_str     0x00000000     0x1015 build/main.o
                               0x10e8 (size before relaxing)
 .debug_str     0x00001015      0x163 build/gpio.o
                                0x38c (size before relaxing)
 .debug_str     0x00001178      0x699 build/can.o
                                0xdad (size before relaxing)
 .debug_str     0x00001811       0x4e build/usart.o
                                0xaa4 (size before relaxing)
 .debug_str     0x0000185f       0xdb build/stm32l4xx_it.o
                                0x4d8 (size before relaxing)
 .debug_str     0x0000193a       0x29 build/stm32l4xx_hal_msp.o
                                0x2d6 (size before relaxing)
 .debug_str     0x00001963      0x4a9 build/stm32l4xx_hal.o
                                0xcbc (size before relaxing)
 .debug_str     0x00001e0c      0x317 build/stm32l4xx_hal_rcc.o
                                0x86a (size before relaxing)
 .debug_str     0x00002123      0x33b build/stm32l4xx_hal_rcc_ex.o
                                0xa89 (size before relaxing)
 .debug_str     0x0000245e       0xb1 build/stm32l4xx_hal_gpio.o
                                0x50e (size before relaxing)
 .debug_str     0x0000250f      0x557 build/stm32l4xx_hal_pwr_ex.o
                                0x81d (size before relaxing)
 .debug_str     0x00002a66      0x424 build/stm32l4xx_hal_cortex.o
                                0xbee (size before relaxing)
 .debug_str     0x00002e8a      0x3cd build/stm32l4xx_hal_can.o
                                0xa1f (size before relaxing)
 .debug_str     0x00003257      0x7e6 build/stm32l4xx_hal_uart.o
                                0xfba (size before relaxing)
 .debug_str     0x00003a3d       0x3d build/system_stm32l4xx.o
                                0x3a7 (size before relaxing)
 .debug_str     0x00003a7a       0x24 build/startup_stm32l476xx.o
                                 0x38 (size before relaxing)

.comment        0x00000000       0x49
 .comment       0x00000000       0x49 build/main.o
                                 0x4a (size before relaxing)
 .comment       0x00000049       0x4a build/gpio.o
 .comment       0x00000049       0x4a build/can.o
 .comment       0x00000049       0x4a build/usart.o
 .comment       0x00000049       0x4a build/stm32l4xx_it.o
 .comment       0x00000049       0x4a build/stm32l4xx_hal_msp.o
 .comment       0x00000049       0x4a build/stm32l4xx_hal.o
 .comment       0x00000049       0x4a build/stm32l4xx_hal_rcc.o
 .comment       0x00000049       0x4a build/stm32l4xx_hal_rcc_ex.o
 .comment       0x00000049       0x4a build/stm32l4xx_hal_gpio.o
 .comment       0x00000049       0x4a build/stm32l4xx_hal_pwr_ex.o
 .comment       0x00000049       0x4a build/stm32l4xx_hal_cortex.o
 .comment       0x00000049       0x4a build/stm32l4xx_hal_can.o
 .comment       0x00000049       0x4a build/stm32l4xx_hal_uart.o
 .comment       0x00000049       0x4a build/system_stm32l4xx.o

.debug_frame    0x00000000     0x1c40
 .debug_frame   0x00000000      0x188 build/main.o
 .debug_frame   0x00000188       0x34 build/gpio.o
 .debug_frame   0x000001bc       0x88 build/can.o
 .debug_frame   0x00000244       0x64 build/usart.o
 .debug_frame   0x000002a8       0xc0 build/stm32l4xx_it.o
 .debug_frame   0x00000368       0x28 build/stm32l4xx_hal_msp.o
 .debug_frame   0x00000390      0x274 build/stm32l4xx_hal.o
 .debug_frame   0x00000604      0x19c build/stm32l4xx_hal_rcc.o
 .debug_frame   0x000007a0      0x204 build/stm32l4xx_hal_rcc_ex.o
 .debug_frame   0x000009a4       0xd0 build/stm32l4xx_hal_gpio.o
 .debug_frame   0x00000a74      0x2b8 build/stm32l4xx_hal_pwr_ex.o
 .debug_frame   0x00000d2c      0x148 build/stm32l4xx_hal_cortex.o
 .debug_frame   0x00000e74      0x2dc build/stm32l4xx_hal_can.o
 .debug_frame   0x00001150      0x600 build/stm32l4xx_hal_uart.o
 .debug_frame   0x00001750       0x30 build/system_stm32l4xx.o
 .debug_frame   0x00001780       0x2c c:/program files (x86)/gnu arm embedded toolchain/10 2021.10/bin/../lib/gcc/arm-none-eabi/10.3.1/../../../../arm-none-eabi/lib/thumb/v7e-m+fp/hard\libc_nano.a(lib_a-init.o)
 .debug_frame   0x000017ac       0x20 c:/program files (x86)/gnu arm embedded toolchain/10 2021.10/bin/../lib/gcc/arm-none-eabi/10.3.1/../../../../arm-none-eabi/lib/thumb/v7e-m+fp/hard\libc_nano.a(lib_a-memset.o)
 .debug_frame   0x000017cc       0x6c c:/program files (x86)/gnu arm embedded toolchain/10 2021.10/bin/../lib/gcc/arm-none-eabi/10.3.1/../../../../arm-none-eabi/lib/thumb/v7e-m+fp/hard\libc_nano.a(lib_a-sprintf.o)
 .debug_frame   0x00001838       0x90 c:/program files (x86)/gnu arm embedded toolchain/10 2021.10/bin/../lib/gcc/arm-none-eabi/10.3.1/../../../../arm-none-eabi/lib/thumb/v7e-m+fp/hard\libc_nano.a(lib_a-nano-svfprintf.o)
 .debug_frame   0x000018c8       0x60 c:/program files (x86)/gnu arm embedded toolchain/10 2021.10/bin/../lib/gcc/arm-none-eabi/10.3.1/../../../../arm-none-eabi/lib/thumb/v7e-m+fp/hard\libc_nano.a(lib_a-nano-vfprintf_i.o)
 .debug_frame   0x00001928       0x28 c:/program files (x86)/gnu arm embedded toolchain/10 2021.10/bin/../lib/gcc/arm-none-eabi/10.3.1/../../../../arm-none-eabi/lib/thumb/v7e-m+fp/hard\libc_nano.a(lib_a-memcpy-stub.o)
 .debug_frame   0x00001950       0x28 c:/program files (x86)/gnu arm embedded toolchain/10 2021.10/bin/../lib/gcc/arm-none-eabi/10.3.1/../../../../arm-none-eabi/lib/thumb/v7e-m+fp/hard\libc_nano.a(lib_a-memmove.o)
 .debug_frame   0x00001978       0x38 c:/program files (x86)/gnu arm embedded toolchain/10 2021.10/bin/../lib/gcc/arm-none-eabi/10.3.1/../../../../arm-none-eabi/lib/thumb/v7e-m+fp/hard\libc_nano.a(lib_a-nano-freer.o)
 .debug_frame   0x000019b0       0x4c c:/program files (x86)/gnu arm embedded toolchain/10 2021.10/bin/../lib/gcc/arm-none-eabi/10.3.1/../../../../arm-none-eabi/lib/thumb/v7e-m+fp/hard\libc_nano.a(lib_a-nano-mallocr.o)
 .debug_frame   0x000019fc       0x3c c:/program files (x86)/gnu arm embedded toolchain/10 2021.10/bin/../lib/gcc/arm-none-eabi/10.3.1/../../../../arm-none-eabi/lib/thumb/v7e-m+fp/hard\libc_nano.a(lib_a-nano-reallocr.o)
 .debug_frame   0x00001a38       0x2c c:/program files (x86)/gnu arm embedded toolchain/10 2021.10/bin/../lib/gcc/arm-none-eabi/10.3.1/../../../../arm-none-eabi/lib/thumb/v7e-m+fp/hard\libc_nano.a(lib_a-sbrkr.o)
 .debug_frame   0x00001a64       0x30 c:/program files (x86)/gnu arm embedded toolchain/10 2021.10/bin/../lib/gcc/arm-none-eabi/10.3.1/../../../../arm-none-eabi/lib/thumb/v7e-m+fp/hard\libc_nano.a(lib_a-mlock.o)
 .debug_frame   0x00001a94       0x20 c:/program files (x86)/gnu arm embedded toolchain/10 2021.10/bin/../lib/gcc/arm-none-eabi/10.3.1/../../../../arm-none-eabi/lib/thumb/v7e-m+fp/hard\libc_nano.a(lib_a-nano-msizer.o)
 .debug_frame   0x00001ab4       0x5c c:/program files (x86)/gnu arm embedded toolchain/10 2021.10/bin/../lib/gcc/arm-none-eabi/10.3.1/../../../../arm-none-eabi/lib/thumb/v7e-m+fp/hard\libc_nano.a(lib_a-reent.o)
 .debug_frame   0x00001b10       0xb0 c:/program files (x86)/gnu arm embedded toolchain/10 2021.10/bin/../lib/gcc/arm-none-eabi/10.3.1/../../../../arm-none-eabi/lib/thumb/v7e-m+fp/hard\libc_nano.a(lib_a-lock.o)
 .debug_frame   0x00001bc0       0x20 c:/program files (x86)/gnu arm embedded toolchain/10 2021.10/bin/../lib/gcc/arm-none-eabi/10.3.1/../../../../arm-none-eabi/lib/thumb/v7e-m+fp/hard\libnosys.a(sbrk.o)
 .debug_frame   0x00001be0       0x2c c:/program files (x86)/gnu arm embedded toolchain/10 2021.10/bin/../lib/gcc/arm-none-eabi/10.3.1/thumb/v7e-m+fp/hard\libgcc.a(_aeabi_uldivmod.o)
 .debug_frame   0x00001c0c       0x34 c:/program files (x86)/gnu arm embedded toolchain/10 2021.10/bin/../lib/gcc/arm-none-eabi/10.3.1/thumb/v7e-m+fp/hard\libgcc.a(_udivmoddi4.o)

Cross Reference Table

Symbol                                            File
ADC1_2_IRQHandler                                 build/startup_stm32l476xx.o
ADC3_IRQHandler                                   build/startup_stm32l476xx.o
AHBPrescTable                                     build/system_stm32l4xx.o
                                                  build/stm32l4xx_hal_rcc.o
APBPrescTable                                     build/system_stm32l4xx.o
                                                  build/stm32l4xx_hal_rcc.o
BusFault_Handler                                  build/stm32l4xx_it.o
CAN1_RX0_IRQHandler                               build/stm32l4xx_it.o
CAN1_RX1_IRQHandler                               build/startup_stm32l476xx.o
CAN1_SCE_IRQHandler                               build/startup_stm32l476xx.o
CAN1_TX_IRQHandler                                build/startup_stm32l476xx.o
CAN_COMMUNICATION_FLAG                            build/main.o
                                                  build/can.o
CAN_CommunicationTest                             build/main.o
CELL_BALANCING_FLAG                               build/main.o
COMP_IRQHandler                                   build/startup_stm32l476xx.o
CONTACTOR_MOSFETS_CONTROL                         build/main.o
ContactorMOSFETSTests                             build/main.o
DFSDM1_FLT0_IRQHandler                            build/startup_stm32l476xx.o
DFSDM1_FLT1_IRQHandler                            build/startup_stm32l476xx.o
DFSDM1_FLT2_IRQHandler                            build/startup_stm32l476xx.o
DFSDM1_FLT3_IRQHandler                            build/startup_stm32l476xx.o
DMA1_Channel1_IRQHandler                          build/startup_stm32l476xx.o
DMA1_Channel2_IRQHandler                          build/startup_stm32l476xx.o
DMA1_Channel3_IRQHandler                          build/startup_stm32l476xx.o
DMA1_Channel4_IRQHandler                          build/startup_stm32l476xx.o
DMA1_Channel5_IRQHandler                          build/startup_stm32l476xx.o
DMA1_Channel6_IRQHandler                          build/startup_stm32l476xx.o
DMA1_Channel7_IRQHandler                          build/startup_stm32l476xx.o
DMA2_Channel1_IRQHandler                          build/startup_stm32l476xx.o
DMA2_Channel2_IRQHandler                          build/startup_stm32l476xx.o
DMA2_Channel3_IRQHandler                          build/startup_stm32l476xx.o
DMA2_Channel4_IRQHandler                          build/startup_stm32l476xx.o
DMA2_Channel5_IRQHandler                          build/startup_stm32l476xx.o
DMA2_Channel6_IRQHandler                          build/startup_stm32l476xx.o
DMA2_Channel7_IRQHandler                          build/startup_stm32l476xx.o
DebugMon_Handler                                  build/stm32l4xx_it.o
Default_Handler                                   build/startup_stm32l476xx.o
EEPROM_TEST_FLAG                                  build/main.o
                                                  build/can.o
EXTI0_IRQHandler                                  build/startup_stm32l476xx.o
EXTI15_10_IRQHandler                              build/startup_stm32l476xx.o
EXTI1_IRQHandler                                  build/startup_stm32l476xx.o
EXTI2_IRQHandler                                  build/startup_stm32l476xx.o
EXTI3_IRQHandler                                  build/startup_stm32l476xx.o
EXTI4_IRQHandler                                  build/startup_stm32l476xx.o
EXTI9_5_IRQHandler                                build/startup_stm32l476xx.o
Error_Handler                                     build/main.o
                                                  build/usart.o
                                                  build/can.o
FLASH_FlushCaches                                 build/stm32l4xx_hal_flash_ex.o
                                                  build/stm32l4xx_hal_flash.o
FLASH_IRQHandler                                  build/startup_stm32l476xx.o
FLASH_PageErase                                   build/stm32l4xx_hal_flash_ex.o
                                                  build/stm32l4xx_hal_flash.o
FLASH_WaitForLastOperation                        build/stm32l4xx_hal_flash.o
                                                  build/stm32l4xx_hal_flash_ex.o
FMC_IRQHandler                                    build/startup_stm32l476xx.o
FPU_IRQHandler                                    build/startup_stm32l476xx.o
HAL_CAN_AbortTxRequest                            build/stm32l4xx_hal_can.o
HAL_CAN_ActivateNotification                      build/stm32l4xx_hal_can.o
                                                  build/main.o
HAL_CAN_AddTxMessage                              build/stm32l4xx_hal_can.o
                                                  build/main.o
HAL_CAN_ConfigFilter                              build/stm32l4xx_hal_can.o
                                                  build/can.o
HAL_CAN_DeInit                                    build/stm32l4xx_hal_can.o
HAL_CAN_DeactivateNotification                    build/stm32l4xx_hal_can.o
HAL_CAN_ErrorCallback                             build/stm32l4xx_hal_can.o
HAL_CAN_GetError                                  build/stm32l4xx_hal_can.o
HAL_CAN_GetRxFifoFillLevel                        build/stm32l4xx_hal_can.o
HAL_CAN_GetRxMessage                              build/stm32l4xx_hal_can.o
                                                  build/can.o
HAL_CAN_GetState                                  build/stm32l4xx_hal_can.o
HAL_CAN_GetTxMailboxesFreeLevel                   build/stm32l4xx_hal_can.o
HAL_CAN_GetTxTimestamp                            build/stm32l4xx_hal_can.o
HAL_CAN_IRQHandler                                build/stm32l4xx_hal_can.o
                                                  build/stm32l4xx_it.o
HAL_CAN_Init                                      build/stm32l4xx_hal_can.o
                                                  build/can.o
HAL_CAN_IsSleepActive                             build/stm32l4xx_hal_can.o
HAL_CAN_IsTxMessagePending                        build/stm32l4xx_hal_can.o
HAL_CAN_MspDeInit                                 build/can.o
HAL_CAN_MspInit                                   build/can.o
HAL_CAN_RequestSleep                              build/stm32l4xx_hal_can.o
HAL_CAN_ResetError                                build/stm32l4xx_hal_can.o
HAL_CAN_RxFifo0FullCallback                       build/stm32l4xx_hal_can.o
HAL_CAN_RxFifo0MsgPendingCallback                 build/can.o
HAL_CAN_RxFifo1FullCallback                       build/stm32l4xx_hal_can.o
HAL_CAN_RxFifo1MsgPendingCallback                 build/stm32l4xx_hal_can.o
HAL_CAN_SleepCallback                             build/stm32l4xx_hal_can.o
HAL_CAN_Start                                     build/stm32l4xx_hal_can.o
                                                  build/main.o
HAL_CAN_Stop                                      build/stm32l4xx_hal_can.o
HAL_CAN_TxMailbox0AbortCallback                   build/stm32l4xx_hal_can.o
HAL_CAN_TxMailbox0CompleteCallback                build/stm32l4xx_hal_can.o
HAL_CAN_TxMailbox1AbortCallback                   build/stm32l4xx_hal_can.o
HAL_CAN_TxMailbox1CompleteCallback                build/stm32l4xx_hal_can.o
HAL_CAN_TxMailbox2AbortCallback                   build/stm32l4xx_hal_can.o
HAL_CAN_TxMailbox2CompleteCallback                build/stm32l4xx_hal_can.o
HAL_CAN_WakeUp                                    build/stm32l4xx_hal_can.o
HAL_CAN_WakeUpFromRxMsgCallback                   build/stm32l4xx_hal_can.o
HAL_DBGMCU_DisableDBGSleepMode                    build/stm32l4xx_hal.o
HAL_DBGMCU_DisableDBGStandbyMode                  build/stm32l4xx_hal.o
HAL_DBGMCU_DisableDBGStopMode                     build/stm32l4xx_hal.o
HAL_DBGMCU_EnableDBGSleepMode                     build/stm32l4xx_hal.o
HAL_DBGMCU_EnableDBGStandbyMode                   build/stm32l4xx_hal.o
HAL_DBGMCU_EnableDBGStopMode                      build/stm32l4xx_hal.o
HAL_DMA_Abort                                     build/stm32l4xx_hal_dma.o
                                                  build/stm32l4xx_hal_uart.o
HAL_DMA_Abort_IT                                  build/stm32l4xx_hal_dma.o
                                                  build/stm32l4xx_hal_uart.o
                                                  build/stm32l4xx_hal_i2c.o
HAL_DMA_DeInit                                    build/stm32l4xx_hal_dma.o
HAL_DMA_GetError                                  build/stm32l4xx_hal_dma.o
                                                  build/stm32l4xx_hal_uart.o
HAL_DMA_GetState                                  build/stm32l4xx_hal_dma.o
                                                  build/stm32l4xx_hal_i2c.o
HAL_DMA_IRQHandler                                build/stm32l4xx_hal_dma.o
HAL_DMA_Init                                      build/stm32l4xx_hal_dma.o
HAL_DMA_PollForTransfer                           build/stm32l4xx_hal_dma.o
HAL_DMA_RegisterCallback                          build/stm32l4xx_hal_dma.o
HAL_DMA_Start                                     build/stm32l4xx_hal_dma.o
HAL_DMA_Start_IT                                  build/stm32l4xx_hal_dma.o
                                                  build/stm32l4xx_hal_uart.o
                                                  build/stm32l4xx_hal_i2c.o
HAL_DMA_UnRegisterCallback                        build/stm32l4xx_hal_dma.o
HAL_DeInit                                        build/stm32l4xx_hal.o
HAL_Delay                                         build/stm32l4xx_hal.o
                                                  build/main.o
HAL_EXTI_ClearConfigLine                          build/stm32l4xx_hal_exti.o
HAL_EXTI_ClearPending                             build/stm32l4xx_hal_exti.o
HAL_EXTI_GenerateSWI                              build/stm32l4xx_hal_exti.o
HAL_EXTI_GetConfigLine                            build/stm32l4xx_hal_exti.o
HAL_EXTI_GetHandle                                build/stm32l4xx_hal_exti.o
HAL_EXTI_GetPending                               build/stm32l4xx_hal_exti.o
HAL_EXTI_IRQHandler                               build/stm32l4xx_hal_exti.o
HAL_EXTI_RegisterCallback                         build/stm32l4xx_hal_exti.o
HAL_EXTI_SetConfigLine                            build/stm32l4xx_hal_exti.o
HAL_FLASHEx_DisableRunPowerDown                   build/stm32l4xx_hal_flash_ramfunc.o
HAL_FLASHEx_EnableRunPowerDown                    build/stm32l4xx_hal_flash_ramfunc.o
HAL_FLASHEx_Erase                                 build/stm32l4xx_hal_flash_ex.o
HAL_FLASHEx_Erase_IT                              build/stm32l4xx_hal_flash_ex.o
HAL_FLASHEx_OBGetConfig                           build/stm32l4xx_hal_flash_ex.o
HAL_FLASHEx_OBProgram                             build/stm32l4xx_hal_flash_ex.o
HAL_FLASH_EndOfOperationCallback                  build/stm32l4xx_hal_flash.o
HAL_FLASH_GetError                                build/stm32l4xx_hal_flash.o
HAL_FLASH_IRQHandler                              build/stm32l4xx_hal_flash.o
HAL_FLASH_Lock                                    build/stm32l4xx_hal_flash.o
HAL_FLASH_OB_Launch                               build/stm32l4xx_hal_flash.o
HAL_FLASH_OB_Lock                                 build/stm32l4xx_hal_flash.o
HAL_FLASH_OB_Unlock                               build/stm32l4xx_hal_flash.o
HAL_FLASH_OperationErrorCallback                  build/stm32l4xx_hal_flash.o
HAL_FLASH_Program                                 build/stm32l4xx_hal_flash.o
HAL_FLASH_Program_IT                              build/stm32l4xx_hal_flash.o
HAL_FLASH_Unlock                                  build/stm32l4xx_hal_flash.o
HAL_GPIO_DeInit                                   build/stm32l4xx_hal_gpio.o
                                                  build/usart.o
                                                  build/can.o
HAL_GPIO_EXTI_Callback                            build/stm32l4xx_hal_gpio.o
HAL_GPIO_EXTI_IRQHandler                          build/stm32l4xx_hal_gpio.o
HAL_GPIO_Init                                     build/stm32l4xx_hal_gpio.o
                                                  build/stm32l4xx_hal_rcc_ex.o
                                                  build/stm32l4xx_hal_rcc.o
                                                  build/usart.o
                                                  build/can.o
                                                  build/gpio.o
HAL_GPIO_LockPin                                  build/stm32l4xx_hal_gpio.o
HAL_GPIO_ReadPin                                  build/stm32l4xx_hal_gpio.o
                                                  build/main.o
HAL_GPIO_TogglePin                                build/stm32l4xx_hal_gpio.o
                                                  build/main.o
HAL_GPIO_WritePin                                 build/stm32l4xx_hal_gpio.o
                                                  build/gpio.o
                                                  build/main.o
HAL_GetDEVID                                      build/stm32l4xx_hal.o
HAL_GetHalVersion                                 build/stm32l4xx_hal.o
HAL_GetREVID                                      build/stm32l4xx_hal.o
HAL_GetTick                                       build/stm32l4xx_hal.o
                                                  build/stm32l4xx_hal_uart_ex.o
                                                  build/stm32l4xx_hal_uart.o
                                                  build/stm32l4xx_hal_can.o
                                                  build/stm32l4xx_hal_dma.o
                                                  build/stm32l4xx_hal_flash.o
                                                  build/stm32l4xx_hal_rcc_ex.o
                                                  build/stm32l4xx_hal_rcc.o
                                                  build/stm32l4xx_hal_i2c.o
HAL_GetTickFreq                                   build/stm32l4xx_hal.o
HAL_GetTickPrio                                   build/stm32l4xx_hal.o
HAL_GetUIDw0                                      build/stm32l4xx_hal.o
HAL_GetUIDw1                                      build/stm32l4xx_hal.o
HAL_GetUIDw2                                      build/stm32l4xx_hal.o
HAL_HalfDuplex_EnableReceiver                     build/stm32l4xx_hal_uart.o
HAL_HalfDuplex_EnableTransmitter                  build/stm32l4xx_hal_uart.o
HAL_HalfDuplex_Init                               build/stm32l4xx_hal_uart.o
HAL_I2CEx_ConfigAnalogFilter                      build/stm32l4xx_hal_i2c_ex.o
HAL_I2CEx_ConfigDigitalFilter                     build/stm32l4xx_hal_i2c_ex.o
HAL_I2CEx_DisableFastModePlus                     build/stm32l4xx_hal_i2c_ex.o
HAL_I2CEx_DisableWakeUp                           build/stm32l4xx_hal_i2c_ex.o
HAL_I2CEx_EnableFastModePlus                      build/stm32l4xx_hal_i2c_ex.o
HAL_I2CEx_EnableWakeUp                            build/stm32l4xx_hal_i2c_ex.o
HAL_I2C_AbortCpltCallback                         build/stm32l4xx_hal_i2c.o
HAL_I2C_AddrCallback                              build/stm32l4xx_hal_i2c.o
HAL_I2C_DeInit                                    build/stm32l4xx_hal_i2c.o
HAL_I2C_DisableListen_IT                          build/stm32l4xx_hal_i2c.o
HAL_I2C_ER_IRQHandler                             build/stm32l4xx_hal_i2c.o
HAL_I2C_EV_IRQHandler                             build/stm32l4xx_hal_i2c.o
HAL_I2C_EnableListen_IT                           build/stm32l4xx_hal_i2c.o
HAL_I2C_ErrorCallback                             build/stm32l4xx_hal_i2c.o
HAL_I2C_GetError                                  build/stm32l4xx_hal_i2c.o
HAL_I2C_GetMode                                   build/stm32l4xx_hal_i2c.o
HAL_I2C_GetState                                  build/stm32l4xx_hal_i2c.o
HAL_I2C_Init                                      build/stm32l4xx_hal_i2c.o
HAL_I2C_IsDeviceReady                             build/stm32l4xx_hal_i2c.o
HAL_I2C_ListenCpltCallback                        build/stm32l4xx_hal_i2c.o
HAL_I2C_MasterRxCpltCallback                      build/stm32l4xx_hal_i2c.o
HAL_I2C_MasterTxCpltCallback                      build/stm32l4xx_hal_i2c.o
HAL_I2C_Master_Abort_IT                           build/stm32l4xx_hal_i2c.o
HAL_I2C_Master_Receive                            build/stm32l4xx_hal_i2c.o
HAL_I2C_Master_Receive_DMA                        build/stm32l4xx_hal_i2c.o
HAL_I2C_Master_Receive_IT                         build/stm32l4xx_hal_i2c.o
HAL_I2C_Master_Seq_Receive_DMA                    build/stm32l4xx_hal_i2c.o
HAL_I2C_Master_Seq_Receive_IT                     build/stm32l4xx_hal_i2c.o
HAL_I2C_Master_Seq_Transmit_DMA                   build/stm32l4xx_hal_i2c.o
HAL_I2C_Master_Seq_Transmit_IT                    build/stm32l4xx_hal_i2c.o
HAL_I2C_Master_Transmit                           build/stm32l4xx_hal_i2c.o
HAL_I2C_Master_Transmit_DMA                       build/stm32l4xx_hal_i2c.o
HAL_I2C_Master_Transmit_IT                        build/stm32l4xx_hal_i2c.o
HAL_I2C_MemRxCpltCallback                         build/stm32l4xx_hal_i2c.o
HAL_I2C_MemTxCpltCallback                         build/stm32l4xx_hal_i2c.o
HAL_I2C_Mem_Read                                  build/stm32l4xx_hal_i2c.o
HAL_I2C_Mem_Read_DMA                              build/stm32l4xx_hal_i2c.o
HAL_I2C_Mem_Read_IT                               build/stm32l4xx_hal_i2c.o
HAL_I2C_Mem_Write                                 build/stm32l4xx_hal_i2c.o
HAL_I2C_Mem_Write_DMA                             build/stm32l4xx_hal_i2c.o
HAL_I2C_Mem_Write_IT                              build/stm32l4xx_hal_i2c.o
HAL_I2C_MspDeInit                                 build/stm32l4xx_hal_i2c.o
HAL_I2C_MspInit                                   build/stm32l4xx_hal_i2c.o
HAL_I2C_SlaveRxCpltCallback                       build/stm32l4xx_hal_i2c.o
HAL_I2C_SlaveTxCpltCallback                       build/stm32l4xx_hal_i2c.o
HAL_I2C_Slave_Receive                             build/stm32l4xx_hal_i2c.o
HAL_I2C_Slave_Receive_DMA                         build/stm32l4xx_hal_i2c.o
HAL_I2C_Slave_Receive_IT                          build/stm32l4xx_hal_i2c.o
HAL_I2C_Slave_Seq_Receive_DMA                     build/stm32l4xx_hal_i2c.o
HAL_I2C_Slave_Seq_Receive_IT                      build/stm32l4xx_hal_i2c.o
HAL_I2C_Slave_Seq_Transmit_DMA                    build/stm32l4xx_hal_i2c.o
HAL_I2C_Slave_Seq_Transmit_IT                     build/stm32l4xx_hal_i2c.o
HAL_I2C_Slave_Transmit                            build/stm32l4xx_hal_i2c.o
HAL_I2C_Slave_Transmit_DMA                        build/stm32l4xx_hal_i2c.o
HAL_I2C_Slave_Transmit_IT                         build/stm32l4xx_hal_i2c.o
HAL_IncTick                                       build/stm32l4xx_hal.o
                                                  build/stm32l4xx_it.o
HAL_Init                                          build/stm32l4xx_hal.o
                                                  build/main.o
HAL_InitTick                                      build/stm32l4xx_hal.o
                                                  build/stm32l4xx_hal_rcc.o
HAL_LIN_Init                                      build/stm32l4xx_hal_uart.o
HAL_LIN_SendBreak                                 build/stm32l4xx_hal_uart.o
HAL_MPU_ConfigRegion                              build/stm32l4xx_hal_cortex.o
HAL_MPU_Disable                                   build/stm32l4xx_hal_cortex.o
HAL_MPU_Enable                                    build/stm32l4xx_hal_cortex.o
HAL_MspDeInit                                     build/stm32l4xx_hal.o
HAL_MspInit                                       build/stm32l4xx_hal_msp.o
HAL_MultiProcessorEx_AddressLength_Set            build/stm32l4xx_hal_uart_ex.o
HAL_MultiProcessor_DisableMuteMode                build/stm32l4xx_hal_uart.o
HAL_MultiProcessor_EnableMuteMode                 build/stm32l4xx_hal_uart.o
HAL_MultiProcessor_EnterMuteMode                  build/stm32l4xx_hal_uart.o
HAL_MultiProcessor_Init                           build/stm32l4xx_hal_uart.o
HAL_NVIC_ClearPendingIRQ                          build/stm32l4xx_hal_cortex.o
HAL_NVIC_DisableIRQ                               build/stm32l4xx_hal_cortex.o
                                                  build/can.o
HAL_NVIC_EnableIRQ                                build/stm32l4xx_hal_cortex.o
                                                  build/can.o
HAL_NVIC_GetActive                                build/stm32l4xx_hal_cortex.o
HAL_NVIC_GetPendingIRQ                            build/stm32l4xx_hal_cortex.o
HAL_NVIC_GetPriority                              build/stm32l4xx_hal_cortex.o
HAL_NVIC_GetPriorityGrouping                      build/stm32l4xx_hal_cortex.o
HAL_NVIC_SetPendingIRQ                            build/stm32l4xx_hal_cortex.o
HAL_NVIC_SetPriority                              build/stm32l4xx_hal_cortex.o
                                                  build/stm32l4xx_hal.o
                                                  build/can.o
HAL_NVIC_SetPriorityGrouping                      build/stm32l4xx_hal_cortex.o
                                                  build/stm32l4xx_hal.o
HAL_NVIC_SystemReset                              build/stm32l4xx_hal_cortex.o
HAL_PWREx_ConfigPVM                               build/stm32l4xx_hal_pwr_ex.o
HAL_PWREx_ControlVoltageScaling                   build/stm32l4xx_hal_pwr_ex.o
HAL_PWREx_DisableBatteryCharging                  build/stm32l4xx_hal_pwr_ex.o
HAL_PWREx_DisableExtSMPS_0V95                     build/stm32l4xx_hal_pwr_ex.o
HAL_PWREx_DisableGPIOPullDown                     build/stm32l4xx_hal_pwr_ex.o
HAL_PWREx_DisableGPIOPullUp                       build/stm32l4xx_hal_pwr_ex.o
HAL_PWREx_DisableInternalWakeUpLine               build/stm32l4xx_hal_pwr_ex.o
HAL_PWREx_DisableLowPowerRunMode                  build/stm32l4xx_hal_pwr_ex.o
                                                  build/stm32l4xx_hal_pwr.o
HAL_PWREx_DisablePVM1                             build/stm32l4xx_hal_pwr_ex.o
HAL_PWREx_DisablePVM2                             build/stm32l4xx_hal_pwr_ex.o
HAL_PWREx_DisablePVM3                             build/stm32l4xx_hal_pwr_ex.o
HAL_PWREx_DisablePVM4                             build/stm32l4xx_hal_pwr_ex.o
HAL_PWREx_DisablePullUpPullDownConfig             build/stm32l4xx_hal_pwr_ex.o
HAL_PWREx_DisableSRAM2ContentRetention            build/stm32l4xx_hal_pwr_ex.o
HAL_PWREx_DisableVddIO2                           build/stm32l4xx_hal_pwr_ex.o
HAL_PWREx_DisableVddUSB                           build/stm32l4xx_hal_pwr_ex.o
HAL_PWREx_EnableBatteryCharging                   build/stm32l4xx_hal_pwr_ex.o
HAL_PWREx_EnableExtSMPS_0V95                      build/stm32l4xx_hal_pwr_ex.o
HAL_PWREx_EnableGPIOPullDown                      build/stm32l4xx_hal_pwr_ex.o
HAL_PWREx_EnableGPIOPullUp                        build/stm32l4xx_hal_pwr_ex.o
HAL_PWREx_EnableInternalWakeUpLine                build/stm32l4xx_hal_pwr_ex.o
HAL_PWREx_EnableLowPowerRunMode                   build/stm32l4xx_hal_pwr_ex.o
                                                  build/stm32l4xx_hal_pwr.o
HAL_PWREx_EnablePVM1                              build/stm32l4xx_hal_pwr_ex.o
HAL_PWREx_EnablePVM2                              build/stm32l4xx_hal_pwr_ex.o
HAL_PWREx_EnablePVM3                              build/stm32l4xx_hal_pwr_ex.o
HAL_PWREx_EnablePVM4                              build/stm32l4xx_hal_pwr_ex.o
HAL_PWREx_EnablePullUpPullDownConfig              build/stm32l4xx_hal_pwr_ex.o
HAL_PWREx_EnableSRAM2ContentRetention             build/stm32l4xx_hal_pwr_ex.o
HAL_PWREx_EnableVddIO2                            build/stm32l4xx_hal_pwr_ex.o
HAL_PWREx_EnableVddUSB                            build/stm32l4xx_hal_pwr_ex.o
HAL_PWREx_EnterSHUTDOWNMode                       build/stm32l4xx_hal_pwr_ex.o
HAL_PWREx_EnterSTOP0Mode                          build/stm32l4xx_hal_pwr_ex.o
                                                  build/stm32l4xx_hal_pwr.o
HAL_PWREx_EnterSTOP1Mode                          build/stm32l4xx_hal_pwr_ex.o
                                                  build/stm32l4xx_hal_pwr.o
HAL_PWREx_EnterSTOP2Mode                          build/stm32l4xx_hal_pwr_ex.o
HAL_PWREx_GetVoltageRange                         build/stm32l4xx_hal_pwr_ex.o
                                                  build/stm32l4xx_hal_rcc.o
HAL_PWREx_PVD_PVM_IRQHandler                      build/stm32l4xx_hal_pwr_ex.o
HAL_PWREx_PVM1Callback                            build/stm32l4xx_hal_pwr_ex.o
HAL_PWREx_PVM2Callback                            build/stm32l4xx_hal_pwr_ex.o
HAL_PWREx_PVM3Callback                            build/stm32l4xx_hal_pwr_ex.o
HAL_PWREx_PVM4Callback                            build/stm32l4xx_hal_pwr_ex.o
HAL_PWREx_SetSRAM2ContentRetention                build/stm32l4xx_hal_pwr_ex.o
HAL_PWR_ConfigPVD                                 build/stm32l4xx_hal_pwr.o
HAL_PWR_DeInit                                    build/stm32l4xx_hal_pwr.o
HAL_PWR_DisableBkUpAccess                         build/stm32l4xx_hal_pwr.o
                                                  build/stm32l4xx_hal_rcc_ex.o
HAL_PWR_DisablePVD                                build/stm32l4xx_hal_pwr.o
HAL_PWR_DisableSEVOnPend                          build/stm32l4xx_hal_pwr.o
HAL_PWR_DisableSleepOnExit                        build/stm32l4xx_hal_pwr.o
HAL_PWR_DisableWakeUpPin                          build/stm32l4xx_hal_pwr.o
HAL_PWR_EnableBkUpAccess                          build/stm32l4xx_hal_pwr.o
                                                  build/stm32l4xx_hal_rcc_ex.o
HAL_PWR_EnablePVD                                 build/stm32l4xx_hal_pwr.o
HAL_PWR_EnableSEVOnPend                           build/stm32l4xx_hal_pwr.o
HAL_PWR_EnableSleepOnExit                         build/stm32l4xx_hal_pwr.o
HAL_PWR_EnableWakeUpPin                           build/stm32l4xx_hal_pwr.o
HAL_PWR_EnterSLEEPMode                            build/stm32l4xx_hal_pwr.o
HAL_PWR_EnterSTANDBYMode                          build/stm32l4xx_hal_pwr.o
HAL_PWR_EnterSTOPMode                             build/stm32l4xx_hal_pwr.o
HAL_PWR_PVDCallback                               build/stm32l4xx_hal_pwr.o
                                                  build/stm32l4xx_hal_pwr_ex.o
HAL_RCCEx_DisableLSCO                             build/stm32l4xx_hal_rcc_ex.o
HAL_RCCEx_DisableLSECSS                           build/stm32l4xx_hal_rcc_ex.o
HAL_RCCEx_DisableMSIPLLMode                       build/stm32l4xx_hal_rcc_ex.o
HAL_RCCEx_DisablePLLSAI1                          build/stm32l4xx_hal_rcc_ex.o
HAL_RCCEx_DisablePLLSAI2                          build/stm32l4xx_hal_rcc_ex.o
HAL_RCCEx_EnableLSCO                              build/stm32l4xx_hal_rcc_ex.o
HAL_RCCEx_EnableLSECSS                            build/stm32l4xx_hal_rcc_ex.o
HAL_RCCEx_EnableLSECSS_IT                         build/stm32l4xx_hal_rcc_ex.o
HAL_RCCEx_EnableMSIPLLMode                        build/stm32l4xx_hal_rcc_ex.o
HAL_RCCEx_EnablePLLSAI1                           build/stm32l4xx_hal_rcc_ex.o
HAL_RCCEx_EnablePLLSAI2                           build/stm32l4xx_hal_rcc_ex.o
HAL_RCCEx_GetPeriphCLKConfig                      build/stm32l4xx_hal_rcc_ex.o
HAL_RCCEx_GetPeriphCLKFreq                        build/stm32l4xx_hal_rcc_ex.o
HAL_RCCEx_LSECSS_Callback                         build/stm32l4xx_hal_rcc_ex.o
HAL_RCCEx_LSECSS_IRQHandler                       build/stm32l4xx_hal_rcc_ex.o
HAL_RCCEx_PeriphCLKConfig                         build/stm32l4xx_hal_rcc_ex.o
                                                  build/usart.o
                                                  build/main.o
HAL_RCCEx_StandbyMSIRangeConfig                   build/stm32l4xx_hal_rcc_ex.o
HAL_RCCEx_WakeUpStopCLKConfig                     build/stm32l4xx_hal_rcc_ex.o
HAL_RCC_CSSCallback                               build/stm32l4xx_hal_rcc.o
HAL_RCC_ClockConfig                               build/stm32l4xx_hal_rcc.o
                                                  build/main.o
HAL_RCC_DeInit                                    build/stm32l4xx_hal_rcc.o
HAL_RCC_EnableCSS                                 build/stm32l4xx_hal_rcc.o
HAL_RCC_GetClockConfig                            build/stm32l4xx_hal_rcc.o
HAL_RCC_GetHCLKFreq                               build/stm32l4xx_hal_rcc.o
HAL_RCC_GetOscConfig                              build/stm32l4xx_hal_rcc.o
HAL_RCC_GetPCLK1Freq                              build/stm32l4xx_hal_rcc.o
                                                  build/stm32l4xx_hal_uart.o
                                                  build/stm32l4xx_hal_rcc_ex.o
HAL_RCC_GetPCLK2Freq                              build/stm32l4xx_hal_rcc.o
                                                  build/stm32l4xx_hal_uart.o
                                                  build/stm32l4xx_hal_rcc_ex.o
HAL_RCC_GetResetSource                            build/stm32l4xx_hal_rcc.o
HAL_RCC_GetSysClockFreq                           build/stm32l4xx_hal_rcc.o
                                                  build/stm32l4xx_hal_uart.o
                                                  build/stm32l4xx_hal_rcc_ex.o
HAL_RCC_MCOConfig                                 build/stm32l4xx_hal_rcc.o
HAL_RCC_NMI_IRQHandler                            build/stm32l4xx_hal_rcc.o
HAL_RCC_OscConfig                                 build/stm32l4xx_hal_rcc.o
                                                  build/main.o
HAL_RS485Ex_Init                                  build/stm32l4xx_hal_uart_ex.o
HAL_ResumeTick                                    build/stm32l4xx_hal.o
HAL_SYSCFG_DisableIOAnalogSwitchBooster           build/stm32l4xx_hal.o
HAL_SYSCFG_DisableMemorySwappingBank              build/stm32l4xx_hal.o
HAL_SYSCFG_DisableVREFBUF                         build/stm32l4xx_hal.o
HAL_SYSCFG_EnableIOAnalogSwitchBooster            build/stm32l4xx_hal.o
HAL_SYSCFG_EnableMemorySwappingBank               build/stm32l4xx_hal.o
HAL_SYSCFG_EnableVREFBUF                          build/stm32l4xx_hal.o
HAL_SYSCFG_SRAM2Erase                             build/stm32l4xx_hal.o
HAL_SYSCFG_VREFBUF_HighImpedanceConfig            build/stm32l4xx_hal.o
HAL_SYSCFG_VREFBUF_TrimmingConfig                 build/stm32l4xx_hal.o
HAL_SYSCFG_VREFBUF_VoltageScalingConfig           build/stm32l4xx_hal.o
HAL_SYSTICK_CLKSourceConfig                       build/stm32l4xx_hal_cortex.o
HAL_SYSTICK_Callback                              build/stm32l4xx_hal_cortex.o
HAL_SYSTICK_Config                                build/stm32l4xx_hal_cortex.o
                                                  build/stm32l4xx_hal.o
HAL_SYSTICK_IRQHandler                            build/stm32l4xx_hal_cortex.o
HAL_SetTickFreq                                   build/stm32l4xx_hal.o
HAL_SuspendTick                                   build/stm32l4xx_hal.o
HAL_UARTEx_DisableClockStopMode                   build/stm32l4xx_hal_uart_ex.o
HAL_UARTEx_DisableStopMode                        build/stm32l4xx_hal_uart_ex.o
HAL_UARTEx_EnableClockStopMode                    build/stm32l4xx_hal_uart_ex.o
HAL_UARTEx_EnableStopMode                         build/stm32l4xx_hal_uart_ex.o
HAL_UARTEx_ReceiveToIdle                          build/stm32l4xx_hal_uart_ex.o
HAL_UARTEx_ReceiveToIdle_DMA                      build/stm32l4xx_hal_uart_ex.o
HAL_UARTEx_ReceiveToIdle_IT                       build/stm32l4xx_hal_uart_ex.o
HAL_UARTEx_RxEventCallback                        build/stm32l4xx_hal_uart.o
HAL_UARTEx_StopModeWakeUpSourceConfig             build/stm32l4xx_hal_uart_ex.o
HAL_UARTEx_WakeupCallback                         build/stm32l4xx_hal_uart_ex.o
                                                  build/stm32l4xx_hal_uart.o
HAL_UART_Abort                                    build/stm32l4xx_hal_uart.o
HAL_UART_AbortCpltCallback                        build/stm32l4xx_hal_uart.o
HAL_UART_AbortReceive                             build/stm32l4xx_hal_uart.o
HAL_UART_AbortReceiveCpltCallback                 build/stm32l4xx_hal_uart.o
HAL_UART_AbortReceive_IT                          build/stm32l4xx_hal_uart.o
HAL_UART_AbortTransmit                            build/stm32l4xx_hal_uart.o
HAL_UART_AbortTransmitCpltCallback                build/stm32l4xx_hal_uart.o
HAL_UART_AbortTransmit_IT                         build/stm32l4xx_hal_uart.o
HAL_UART_Abort_IT                                 build/stm32l4xx_hal_uart.o
HAL_UART_DMAPause                                 build/stm32l4xx_hal_uart.o
HAL_UART_DMAResume                                build/stm32l4xx_hal_uart.o
HAL_UART_DMAStop                                  build/stm32l4xx_hal_uart.o
HAL_UART_DeInit                                   build/stm32l4xx_hal_uart.o
HAL_UART_DisableReceiverTimeout                   build/stm32l4xx_hal_uart.o
HAL_UART_EnableReceiverTimeout                    build/stm32l4xx_hal_uart.o
HAL_UART_ErrorCallback                            build/stm32l4xx_hal_uart.o
HAL_UART_GetError                                 build/stm32l4xx_hal_uart.o
HAL_UART_GetState                                 build/stm32l4xx_hal_uart.o
HAL_UART_IRQHandler                               build/stm32l4xx_hal_uart.o
HAL_UART_Init                                     build/stm32l4xx_hal_uart.o
                                                  build/usart.o
HAL_UART_MspDeInit                                build/usart.o
HAL_UART_MspInit                                  build/usart.o
                                                  build/stm32l4xx_hal_uart_ex.o
HAL_UART_Receive                                  build/stm32l4xx_hal_uart.o
HAL_UART_Receive_DMA                              build/stm32l4xx_hal_uart.o